Archive member included to satisfy reference by file (symbol)

c:/progra~3/matlab/suppor~1/r2020a/3p778c~1.ins/gnuarm~1.ins/win/bin/../lib/gcc/arm-none-eabi/7.2.1\libgcc.a(_arm_addsubdf3.o)
                              sf_simulink.o (__aeabi_dsub)
c:/progra~3/matlab/suppor~1/r2020a/3p778c~1.ins/gnuarm~1.ins/win/bin/../lib/gcc/arm-none-eabi/7.2.1\libgcc.a(_arm_muldivdf3.o)
                              sf_simulink.o (__aeabi_ddiv)
c:/progra~3/matlab/suppor~1/r2020a/3p778c~1.ins/gnuarm~1.ins/win/bin/../lib/gcc/arm-none-eabi/7.2.1\libgcc.a(_arm_cmpdf2.o)
                              rt_nonfinite.o (__aeabi_dcmpeq)
c:/progra~3/matlab/suppor~1/r2020a/3p778c~1.ins/gnuarm~1.ins/win/bin/../lib/gcc/arm-none-eabi/7.2.1\libgcc.a(_arm_truncdfsf2.o)
                              rt_nonfinite.o (__aeabi_d2f)
c:/progra~3/matlab/suppor~1/r2020a/3p778c~1.ins/gnuarm~1.ins/win/bin/../lib/gcc/arm-none-eabi/7.2.1\libgcc.a(_arm_cmpsf2.o)
                              rt_nonfinite.o (__aeabi_fcmpeq)
c:/progra~3/matlab/suppor~1/r2020a/3p778c~1.ins/gnuarm~1.ins/win/bin/../lib/gcc/arm-none-eabi/7.2.1/../../../../arm-none-eabi/lib\libg.a(lib_a-exit.o)
                              c:/progra~3/matlab/suppor~1/r2020a/3p778c~1.ins/gnuarm~1.ins/win/bin/../lib/gcc/arm-none-eabi/7.2.1/../../../../arm-none-eabi/lib/crt0.o (exit)
c:/progra~3/matlab/suppor~1/r2020a/3p778c~1.ins/gnuarm~1.ins/win/bin/../lib/gcc/arm-none-eabi/7.2.1/../../../../arm-none-eabi/lib\libg.a(lib_a-fflush.o)
                              ert_main.o (fflush)
c:/progra~3/matlab/suppor~1/r2020a/3p778c~1.ins/gnuarm~1.ins/win/bin/../lib/gcc/arm-none-eabi/7.2.1/../../../../arm-none-eabi/lib\libg.a(lib_a-findfp.o)
                              c:/progra~3/matlab/suppor~1/r2020a/3p778c~1.ins/gnuarm~1.ins/win/bin/../lib/gcc/arm-none-eabi/7.2.1/../../../../arm-none-eabi/lib\libg.a(lib_a-fflush.o) (__sinit)
c:/progra~3/matlab/suppor~1/r2020a/3p778c~1.ins/gnuarm~1.ins/win/bin/../lib/gcc/arm-none-eabi/7.2.1/../../../../arm-none-eabi/lib\libg.a(lib_a-fprintf.o)
                              ert_main.o (fprintf)
c:/progra~3/matlab/suppor~1/r2020a/3p778c~1.ins/gnuarm~1.ins/win/bin/../lib/gcc/arm-none-eabi/7.2.1/../../../../arm-none-eabi/lib\libg.a(lib_a-freer.o)
                              c:/progra~3/matlab/suppor~1/r2020a/3p778c~1.ins/gnuarm~1.ins/win/bin/../lib/gcc/arm-none-eabi/7.2.1/../../../../arm-none-eabi/lib\libg.a(lib_a-fflush.o) (_free_r)
c:/progra~3/matlab/suppor~1/r2020a/3p778c~1.ins/gnuarm~1.ins/win/bin/../lib/gcc/arm-none-eabi/7.2.1/../../../../arm-none-eabi/lib\libg.a(lib_a-fwalk.o)
                              c:/progra~3/matlab/suppor~1/r2020a/3p778c~1.ins/gnuarm~1.ins/win/bin/../lib/gcc/arm-none-eabi/7.2.1/../../../../arm-none-eabi/lib\libg.a(lib_a-findfp.o) (_fwalk)
c:/progra~3/matlab/suppor~1/r2020a/3p778c~1.ins/gnuarm~1.ins/win/bin/../lib/gcc/arm-none-eabi/7.2.1/../../../../arm-none-eabi/lib\libg.a(lib_a-fwrite.o)
                              ert_main.o (fwrite)
c:/progra~3/matlab/suppor~1/r2020a/3p778c~1.ins/gnuarm~1.ins/win/bin/../lib/gcc/arm-none-eabi/7.2.1/../../../../arm-none-eabi/lib\libg.a(lib_a-impure.o)
                              c:/progra~3/matlab/suppor~1/r2020a/3p778c~1.ins/gnuarm~1.ins/win/bin/../lib/gcc/arm-none-eabi/7.2.1/../../../../arm-none-eabi/lib\libg.a(lib_a-exit.o) (_global_impure_ptr)
c:/progra~3/matlab/suppor~1/r2020a/3p778c~1.ins/gnuarm~1.ins/win/bin/../lib/gcc/arm-none-eabi/7.2.1/../../../../arm-none-eabi/lib\libg.a(lib_a-init.o)
                              c:/progra~3/matlab/suppor~1/r2020a/3p778c~1.ins/gnuarm~1.ins/win/bin/../lib/gcc/arm-none-eabi/7.2.1/../../../../arm-none-eabi/lib/crt0.o (__libc_init_array)
c:/progra~3/matlab/suppor~1/r2020a/3p778c~1.ins/gnuarm~1.ins/win/bin/../lib/gcc/arm-none-eabi/7.2.1/../../../../arm-none-eabi/lib\libg.a(lib_a-lock.o)
                              c:/progra~3/matlab/suppor~1/r2020a/3p778c~1.ins/gnuarm~1.ins/win/bin/../lib/gcc/arm-none-eabi/7.2.1/../../../../arm-none-eabi/lib\libg.a(lib_a-findfp.o) (__retarget_lock_init_recursive)
c:/progra~3/matlab/suppor~1/r2020a/3p778c~1.ins/gnuarm~1.ins/win/bin/../lib/gcc/arm-none-eabi/7.2.1/../../../../arm-none-eabi/lib\libg.a(lib_a-malloc.o)
                              sf_simulink.o (malloc)
c:/progra~3/matlab/suppor~1/r2020a/3p778c~1.ins/gnuarm~1.ins/win/bin/../lib/gcc/arm-none-eabi/7.2.1/../../../../arm-none-eabi/lib\libg.a(lib_a-mallocr.o)
                              c:/progra~3/matlab/suppor~1/r2020a/3p778c~1.ins/gnuarm~1.ins/win/bin/../lib/gcc/arm-none-eabi/7.2.1/../../../../arm-none-eabi/lib\libg.a(lib_a-findfp.o) (_malloc_r)
c:/progra~3/matlab/suppor~1/r2020a/3p778c~1.ins/gnuarm~1.ins/win/bin/../lib/gcc/arm-none-eabi/7.2.1/../../../../arm-none-eabi/lib\libg.a(lib_a-memset.o)
                              c:/progra~3/matlab/suppor~1/r2020a/3p778c~1.ins/gnuarm~1.ins/win/bin/../lib/gcc/arm-none-eabi/7.2.1/../../../../arm-none-eabi/lib/crt0.o (memset)
[...]
Memory Configuration

Name             Origin             Length             Attributes
*default*        0x00000000         0xffffffff

Linker script and memory map

LOAD c:/progra~3/matlab/suppor~1/r2020a/3p778c~1.ins/gnuarm~1.ins/win/bin/../lib/gcc/arm-none-eabi/7.2.1/crti.o
LOAD c:/progra~3/matlab/suppor~1/r2020a/3p778c~1.ins/gnuarm~1.ins/win/bin/../lib/gcc/arm-none-eabi/7.2.1/crtbegin.o
LOAD c:/progra~3/matlab/suppor~1/r2020a/3p778c~1.ins/gnuarm~1.ins/win/bin/../lib/gcc/arm-none-eabi/7.2.1/../../../../arm-none-eabi/lib/crt0.o
LOAD ert_main.o
LOAD rtGetInf.o
LOAD rtGetNaN.o
LOAD rt_nonfinite.o
LOAD sf_simulink.o
LOAD c:/progra~3/matlab/suppor~1/r2020a/3p778c~1.ins/gnuarm~1.ins/win/bin/../lib/gcc/arm-none-eabi/7.2.1/../../../../arm-none-eabi/lib\libstdc++.a
LOAD c:/progra~3/matlab/suppor~1/r2020a/3p778c~1.ins/gnuarm~1.ins/win/bin/../lib/gcc/arm-none-eabi/7.2.1/../../../../arm-none-eabi/lib\libm.a
START GROUP
LOAD c:/progra~3/matlab/suppor~1/r2020a/3p778c~1.ins/gnuarm~1.ins/win/bin/../lib/gcc/arm-none-eabi/7.2.1\libgcc.a
LOAD c:/progra~3/matlab/suppor~1/r2020a/3p778c~1.ins/gnuarm~1.ins/win/bin/../lib/gcc/arm-none-eabi/7.2.1/../../../../arm-none-eabi/lib\libg.a
LOAD c:/progra~3/matlab/suppor~1/r2020a/3p778c~1.ins/gnuarm~1.ins/win/bin/../lib/gcc/arm-none-eabi/7.2.1/../../../../arm-none-eabi/lib\libc.a
END GROUP
LOAD c:/progra~3/matlab/suppor~1/r2020a/3p778c~1.ins/gnuarm~1.ins/win/bin/../lib/gcc/arm-none-eabi/7.2.1/crtend.o
LOAD c:/progra~3/matlab/suppor~1/r2020a/3p778c~1.ins/gnuarm~1.ins/win/bin/../lib/gcc/arm-none-eabi/7.2.1/crtn.o
                [!provide]                PROVIDE (__executable_start, SEGMENT_START ("text-segment", 0x8000))
                0x00008000                . = SEGMENT_START ("text-segment", 0x8000)

.interp
 *(.interp)

.note.gnu.build-id
 *(.note.gnu.build-id)

.hash
 *(.hash)

.gnu.hash
 *(.gnu.hash)

.dynsym
 *(.dynsym)

.dynstr
 *(.dynstr)

.gnu.version
 *(.gnu.version)

.gnu.version_d
 *(.gnu.version_d)

.gnu.version_r
 *(.gnu.version_r)

.rel.dyn        0x00008000        0x0
 *(.rel.init)
 *(.rel.text .rel.text.* .rel.gnu.linkonce.t.*)
 *(.rel.fini)
 *(.rel.rodata .rel.rodata.* .rel.gnu.linkonce.r.*)
 *(.rel.data.rel.ro .rel.data.rel.ro.* .rel.gnu.linkonce.d.rel.ro.*)
 *(.rel.data .rel.data.* .rel.gnu.linkonce.d.*)
 *(.rel.tdata .rel.tdata.* .rel.gnu.linkonce.td.*)
 *(.rel.tbss .rel.tbss.* .rel.gnu.linkonce.tb.*)
 *(.rel.ctors)
 *(.rel.dtors)
 *(.rel.got)
 *(.rel.bss .rel.bss.* .rel.gnu.linkonce.b.*)
                [!provide]                PROVIDE (__rel_iplt_start, .)
 *(.rel.iplt)
 .rel.iplt      0x00008000        0x0 c:/progra~3/matlab/suppor~1/r2020a/3p778c~1.ins/gnuarm~1.ins/win/bin/../lib/gcc/arm-none-eabi/7.2.1/crtbegin.o
                [!provide]                PROVIDE (__rel_iplt_end, .)

.rela.dyn       0x00008000        0x0
 *(.rela.init)
 *(.rela.text .rela.text.* .rela.gnu.linkonce.t.*)
 *(.rela.fini)
 *(.rela.rodata .rela.rodata.* .rela.gnu.linkonce.r.*)
 *(.rela.data .rela.data.* .rela.gnu.linkonce.d.*)
 *(.rela.tdata .rela.tdata.* .rela.gnu.linkonce.td.*)
 *(.rela.tbss .rela.tbss.* .rela.gnu.linkonce.tb.*)
 *(.rela.ctors)
 *(.rela.dtors)
 *(.rela.got)
 *(.rela.bss .rela.bss.* .rela.gnu.linkonce.b.*)
                [!provide]                PROVIDE (__rela_iplt_start, .)
 *(.rela.iplt)
                [!provide]                PROVIDE (__rela_iplt_end, .)

.rel.plt
 *(.rel.plt)

.rela.plt
 *(.rela.plt)

.init           0x00008000       0x18
 *(SORT_NONE(.init))
 .init          0x00008000        0xc c:/progra~3/matlab/suppor~1/r2020a/3p778c~1.ins/gnuarm~1.ins/win/bin/../lib/gcc/arm-none-eabi/7.2.1/crti.o
                0x00008000                _init
 .init          0x0000800c        0xc c:/progra~3/matlab/suppor~1/r2020a/3p778c~1.ins/gnuarm~1.ins/win/bin/../lib/gcc/arm-none-eabi/7.2.1/crtn.o

.plt
 *(.plt)

.iplt           0x00008018        0x0
 *(.iplt)
 .iplt          0x00008018        0x0 c:/progra~3/matlab/suppor~1/r2020a/3p778c~1.ins/gnuarm~1.ins/win/bin/../lib/gcc/arm-none-eabi/7.2.1/crtbegin.o

.text           0x00008018     0x8d08
 *(.text.unlikely .text.*_unlikely .text.unlikely.*)
 *(.text.exit .text.exit.*)
 .text.exit     0x00008018       0x34 c:/progra~3/matlab/suppor~1/r2020a/3p778c~1.ins/gnuarm~1.ins/win/bin/../lib/gcc/arm-none-eabi/7.2.1/../../../../arm-none-eabi/lib\libg.a(lib_a-exit.o)
                0x00008018                exit
 *(.text.startup .text.startup.*)
 .text.startup.register_fini
                0x0000804c       0x28 c:/progra~3/matlab/suppor~1/r2020a/3p778c~1.ins/gnuarm~1.ins/win/bin/../lib/gcc/arm-none-eabi/7.2.1/../../../../arm-none-eabi/lib\libg.a(lib_a-__call_atexit.o)
 *(.text.hot .text.hot.*)
 *(.text .stub .text.* .gnu.linkonce.t.*)
 .text          0x00008074       0x70 c:/progra~3/matlab/suppor~1/r2020a/3p778c~1.ins/gnuarm~1.ins/win/bin/../lib/gcc/arm-none-eabi/7.2.1/crtbegin.o
 .text          0x000080e4      0x114 c:/progra~3/matlab/suppor~1/r2020a/3p778c~1.ins/gnuarm~1.ins/win/bin/../lib/gcc/arm-none-eabi/7.2.1/../../../../arm-none-eabi/lib/crt0.o
                0x000080e4                _start
                0x000080e4                _mainCRTStartup
 .text.main     0x000081f8       0xe4 ert_main.o
                0x000081f8                main
 .text.rtGetInf
                0x000082dc       0x94 rtGetInf.o
                0x000082dc                rtGetInf
 .text.rtGetInfF
                0x00008370       0x2c rtGetInf.o
                0x00008370                rtGetInfF
 .text.rtGetMinusInf
                0x0000839c       0x94 rtGetInf.o
                0x0000839c                rtGetMinusInf
 .text.rtGetMinusInfF
                0x00008430       0x2c rtGetInf.o
                0x00008430                rtGetMinusInfF
 .text.rtGetNaN
                0x0000845c       0x94 rtGetNaN.o
                0x0000845c                rtGetNaN
 .text.rtGetNaNF
                0x000084f0       0x34 rtGetNaN.o
                0x000084f0                rtGetNaNF
 .text.rt_InitInfAndNaN
                0x00008524       0xa4 rt_nonfinite.o
                0x00008524                rt_InitInfAndNaN
 .text.sf_simulink_initialize
                0x000085c8      0x178 sf_simulink.o
                0x000085c8                sf_simulink_initialize
 .text.sf_simulink_terminate
                0x00008740       0xec sf_simulink.o
                0x00008740                sf_simulink_terminate
 .text.sf_simulink
                0x0000882c      0x1b8 sf_simulink.o
                0x0000882c                sf_simulink
 .text          0x000089e4      0x424 c:/progra~3/matlab/suppor~1/r2020a/3p778c~1.ins/gnuarm~1.ins/win/bin/../lib/gcc/arm-none-eabi/7.2.1\libgcc.a(_arm_addsubdf3.o)
                0x000089e4                __aeabi_drsub
                0x000089ec                __aeabi_dsub
                0x000089ec                __subdf3
                0x000089f0                __aeabi_dadd
                0x000089f0                __adddf3
                0x00008d00                __floatunsidf
                0x00008d00                __aeabi_ui2d
                0x00008d24                __floatsidf
                0x00008d24                __aeabi_i2d
                0x00008d4c                __aeabi_f2d
                0x00008d4c                __extendsfdf2
                0x00008d94                __floatundidf
                0x00008d94                __aeabi_ul2d
                0x00008da8                __floatdidf
                0x00008da8                __aeabi_l2d
 .text          0x00008e08      0x49c c:/progra~3/matlab/suppor~1/r2020a/3p778c~1.ins/gnuarm~1.ins/win/bin/../lib/gcc/arm-none-eabi/7.2.1\libgcc.a(_arm_muldivdf3.o)
                0x00008e08                __aeabi_dmul
                0x00008e08                __muldf3
                0x00009098                __divdf3
                0x00009098                __aeabi_ddiv
 .text          0x000092a4      0x144 c:/progra~3/matlab/suppor~1/r2020a/3p778c~1.ins/gnuarm~1.ins/win/bin/../lib/gcc/arm-none-eabi/7.2.1\libgcc.a(_arm_cmpdf2.o)
                0x000092a4                __gtdf2
                0x000092a4                __gedf2
                0x000092ac                __ltdf2
                0x000092ac                __ledf2
                0x000092b4                __nedf2
                0x000092b4                __eqdf2
                0x000092b4                __cmpdf2
                0x0000933c                __aeabi_cdrcmple
                0x00009358                __aeabi_cdcmpeq
                0x00009358                __aeabi_cdcmple
                0x00009370                __aeabi_dcmpeq
                0x00009388                __aeabi_dcmplt
                0x000093a0                __aeabi_dcmple
                0x000093b8                __aeabi_dcmpge
                0x000093d0                __aeabi_dcmpgt
 .text.__sflush_r
                0x000093e8      0x248 c:/progra~3/matlab/suppor~1/r2020a/3p778c~1.ins/gnuarm~1.ins/win/bin/../lib/gcc/arm-none-eabi/7.2.1/../../../../arm-none-eabi/lib\libg.a(lib_a-fflush.o)
                0x000093e8                __sflush_r
 .text._fflush_r
                0x00009630       0x9c c:/progra~3/matlab/suppor~1/r2020a/3p778c~1.ins/gnuarm~1.ins/win/bin/../lib/gcc/arm-none-eabi/7.2.1/../../../../arm-none-eabi/lib\libg.a(lib_a-fflush.o)
                0x00009630                _fflush_r
 .text.fflush   0x000096cc       0x38 c:/progra~3/matlab/suppor~1/r2020a/3p778c~1.ins/gnuarm~1.ins/win/bin/../lib/gcc/arm-none-eabi/7.2.1/../../../../arm-none-eabi/lib\libg.a(lib_a-fflush.o)
                0x000096cc                fflush
 .text.std      0x00009704       0x84 c:/progra~3/matlab/suppor~1/r2020a/3p778c~1.ins/gnuarm~1.ins/win/bin/../lib/gcc/arm-none-eabi/7.2.1/../../../../arm-none-eabi/lib\libg.a(lib_a-findfp.o)
 .text._cleanup_r
                0x00009788       0x18 c:/progra~3/matlab/suppor~1/r2020a/3p778c~1.ins/gnuarm~1.ins/win/bin/../lib/gcc/arm-none-eabi/7.2.1/../../../../arm-none-eabi/lib\libg.a(lib_a-findfp.o)
                0x00009788                _cleanup_r
 .text.__sinit  0x000097a0       0x94 c:/progra~3/matlab/suppor~1/r2020a/3p778c~1.ins/gnuarm~1.ins/win/bin/../lib/gcc/arm-none-eabi/7.2.1/../../../../arm-none-eabi/lib\libg.a(lib_a-findfp.o)
                0x000097a0                __sinit
 .text.__sfp_lock_acquire
                0x00009834       0x18 c:/progra~3/matlab/suppor~1/r2020a/3p778c~1.ins/gnuarm~1.ins/win/bin/../lib/gcc/arm-none-eabi/7.2.1/../../../../arm-none-eabi/lib\libg.a(lib_a-findfp.o)
                0x00009834                __sfp_lock_acquire
 .text.__sfp_lock_release
                0x0000984c       0x18 c:/progra~3/matlab/suppor~1/r2020a/3p778c~1.ins/gnuarm~1.ins/win/bin/../lib/gcc/arm-none-eabi/7.2.1/../../../../arm-none-eabi/lib\libg.a(lib_a-findfp.o)
                0x0000984c                __sfp_lock_release
 .text.fprintf  0x00009864       0x40 c:/progra~3/matlab/suppor~1/r2020a/3p778c~1.ins/gnuarm~1.ins/win/bin/../lib/gcc/arm-none-eabi/7.2.1/../../../../arm-none-eabi/lib\libg.a(lib_a-fprintf.o)
                0x00009864                fprintf
 .text._malloc_trim_r
                0x000098a4      0x100 c:/progra~3/matlab/suppor~1/r2020a/3p778c~1.ins/gnuarm~1.ins/win/bin/../lib/gcc/arm-none-eabi/7.2.1/../../../../arm-none-eabi/lib\libg.a(lib_a-freer.o)
                0x000098a4                _malloc_trim_r
 .text._free_r  0x000099a4      0x2dc c:/progra~3/matlab/suppor~1/r2020a/3p778c~1.ins/gnuarm~1.ins/win/bin/../lib/gcc/arm-none-eabi/7.2.1/../../../../arm-none-eabi/lib\libg.a(lib_a-freer.o)
                0x000099a4                _free_r
 .text._fwalk_reent
                0x00009c80       0x80 c:/progra~3/matlab/suppor~1/r2020a/3p778c~1.ins/gnuarm~1.ins/win/bin/../lib/gcc/arm-none-eabi/7.2.1/../../../../arm-none-eabi/lib\libg.a(lib_a-fwalk.o)
                0x00009c80                _fwalk_reent
 .text._fwrite_r
                0x00009d00      0x12c c:/progra~3/matlab/suppor~1/r2020a/3p778c~1.ins/gnuarm~1.ins/win/bin/../lib/gcc/arm-none-eabi/7.2.1/../../../../arm-none-eabi/lib\libg.a(lib_a-fwrite.o)
                0x00009d00                _fwrite_r
 .text.fwrite   0x00009e2c       0x38 c:/progra~3/matlab/suppor~1/r2020a/3p778c~1.ins/gnuarm~1.ins/win/bin/../lib/gcc/arm-none-eabi/7.2.1/../../../../arm-none-eabi/lib\libg.a(lib_a-fwrite.o)
                0x00009e2c                fwrite
 .text.__libc_init_array
                0x00009e64       0x88 c:/progra~3/matlab/suppor~1/r2020a/3p778c~1.ins/gnuarm~1.ins/win/bin/../lib/gcc/arm-none-eabi/7.2.1/../../../../arm-none-eabi/lib\libg.a(lib_a-init.o)
                0x00009e64                __libc_init_array
 .text.__retarget_lock_init_recursive
                0x00009eec        0x4 c:/progra~3/matlab/suppor~1/r2020a/3p778c~1.ins/gnuarm~1.ins/win/bin/../lib/gcc/arm-none-eabi/7.2.1/../../../../arm-none-eabi/lib\libg.a(lib_a-lock.o)
                0x00009eec                __retarget_lock_init_recursive
 .text.__retarget_lock_close_recursive
                0x00009ef0        0x4 c:/progra~3/matlab/suppor~1/r2020a/3p778c~1.ins/gnuarm~1.ins/win/bin/../lib/gcc/arm-none-eabi/7.2.1/../../../../arm-none-eabi/lib\libg.a(lib_a-lock.o)
                0x00009ef0                __retarget_lock_close_recursive
 .text.__retarget_lock_acquire_recursive
                0x00009ef4        0x4 c:/progra~3/matlab/suppor~1/r2020a/3p778c~1.ins/gnuarm~1.ins/win/bin/../lib/gcc/arm-none-eabi/7.2.1/../../../../arm-none-eabi/lib\libg.a(lib_a-lock.o)
                0x00009ef4                __retarget_lock_acquire_recursive
 .text.__retarget_lock_release_recursive
                0x00009ef8        0x4 c:/progra~3/matlab/suppor~1/r2020a/3p778c~1.ins/gnuarm~1.ins/win/bin/../lib/gcc/arm-none-eabi/7.2.1/../../../../arm-none-eabi/lib\libg.a(lib_a-lock.o)
                0x00009ef8                __retarget_lock_release_recursive
 .text.malloc   0x00009efc       0x20 c:/progra~3/matlab/suppor~1/r2020a/3p778c~1.ins/gnuarm~1.ins/win/bin/../lib/gcc/arm-none-eabi/7.2.1/../../../../arm-none-eabi/lib\libg.a(lib_a-malloc.o)
                0x00009efc                malloc
 .text.free     0x00009f1c       0x20 c:/progra~3/matlab/suppor~1/r2020a/3p778c~1.ins/gnuarm~1.ins/win/bin/../lib/gcc/arm-none-eabi/7.2.1/../../../../arm-none-eabi/lib\libg.a(lib_a-malloc.o)
                0x00009f1c                free
 .text._malloc_r
                0x00009f3c      0x7ac c:/progra~3/matlab/suppor~1/r2020a/3p778c~1.ins/gnuarm~1.ins/win/bin/../lib/gcc/arm-none-eabi/7.2.1/../../../../arm-none-eabi/lib\libg.a(lib_a-mallocr.o)
                0x00009f3c                _malloc_r
 .text.memset   0x0000a6e8      0x114 c:/progra~3/matlab/suppor~1/r2020a/3p778c~1.ins/gnuarm~1.ins/win/bin/../lib/gcc/arm-none-eabi/7.2.1/../../../../arm-none-eabi/lib\libg.a(lib_a-memset.o)
                0x0000a6e8                memset
 .text.__malloc_lock
                0x0000a7fc       0x18 c:/progra~3/matlab/suppor~1/r2020a/3p778c~1.ins/gnuarm~1.ins/win/bin/../lib/gcc/arm-none-eabi/7.2.1/../../../../arm-none-eabi/lib\libg.a(lib_a-mlock.o)
                0x0000a7fc                __malloc_lock
 .text.__malloc_unlock
                0x0000a814       0x18 c:/progra~3/matlab/suppor~1/r2020a/3p778c~1.ins/gnuarm~1.ins/win/bin/../lib/gcc/arm-none-eabi/7.2.1/../../../../arm-none-eabi/lib\libg.a(lib_a-mlock.o)
                0x0000a814                __malloc_unlock
 .text._puts_r  0x0000a82c      0x114 c:/progra~3/matlab/suppor~1/r2020a/3p778c~1.ins/gnuarm~1.ins/win/bin/../lib/gcc/arm-none-eabi/7.2.1/../../../../arm-none-eabi/lib\libg.a(lib_a-puts.o)
                0x0000a82c                _puts_r
 .text.puts     0x0000a940       0x14 c:/progra~3/matlab/suppor~1/r2020a/3p778c~1.ins/gnuarm~1.ins/win/bin/../lib/gcc/arm-none-eabi/7.2.1/../../../../arm-none-eabi/lib\libg.a(lib_a-puts.o)
                0x0000a940                puts
 .text._sbrk_r  0x0000a954       0x3c c:/progra~3/matlab/suppor~1/r2020a/3p778c~1.ins/gnuarm~1.ins/win/bin/../lib/gcc/arm-none-eabi/7.2.1/../../../../arm-none-eabi/lib\libg.a(lib_a-sbrkr.o)
                0x0000a954                _sbrk_r
 .text.__sread  0x0000a990       0x34 c:/progra~3/matlab/suppor~1/r2020a/3p778c~1.ins/gnuarm~1.ins/win/bin/../lib/gcc/arm-none-eabi/7.2.1/../../../../arm-none-eabi/lib\libg.a(lib_a-stdio.o)
                0x0000a990                __sread
 .text.__swrite
                0x0000a9c4       0x58 c:/progra~3/matlab/suppor~1/r2020a/3p778c~1.ins/gnuarm~1.ins/win/bin/../lib/gcc/arm-none-eabi/7.2.1/../../../../arm-none-eabi/lib\libg.a(lib_a-stdio.o)
                0x0000a9c4                __swrite
 .text.__sseek  0x0000aa1c       0x30 c:/progra~3/matlab/suppor~1/r2020a/3p778c~1.ins/gnuarm~1.ins/win/bin/../lib/gcc/arm-none-eabi/7.2.1/../../../../arm-none-eabi/lib\libg.a(lib_a-stdio.o)
                0x0000aa1c                __sseek
 .text.__sclose
                0x0000aa4c       0x14 c:/progra~3/matlab/suppor~1/r2020a/3p778c~1.ins/gnuarm~1.ins/win/bin/../lib/gcc/arm-none-eabi/7.2.1/../../../../arm-none-eabi/lib\libg.a(lib_a-stdio.o)
                0x0000aa4c                __sclose
 .text.strlen   0x0000aa60       0x60 c:/progra~3/matlab/suppor~1/r2020a/3p778c~1.ins/gnuarm~1.ins/win/bin/../lib/gcc/arm-none-eabi/7.2.1/../../../../arm-none-eabi/lib\libg.a(lib_a-strlen-stub.o)
                0x0000aa60                strlen
 .text._vfprintf_r
                0x0000aac0     0x1f70 c:/progra~3/matlab/suppor~1/r2020a/3p778c~1.ins/gnuarm~1.ins/win/bin/../lib/gcc/arm-none-eabi/7.2.1/../../../../arm-none-eabi/lib\libg.a(lib_a-vfprintf.o)
                0x0000aac0                _vfprintf_r
 .text.__sbprintf
                0x0000ca30       0xd4 c:/progra~3/matlab/suppor~1/r2020a/3p778c~1.ins/gnuarm~1.ins/win/bin/../lib/gcc/arm-none-eabi/7.2.1/../../../../arm-none-eabi/lib\libg.a(lib_a-vfprintf.o)
 .text._write_r
                0x0000cb04       0x48 c:/progra~3/matlab/suppor~1/r2020a/3p778c~1.ins/gnuarm~1.ins/win/bin/../lib/gcc/arm-none-eabi/7.2.1/../../../../arm-none-eabi/lib\libg.a(lib_a-writer.o)
                0x0000cb04                _write_r
 .text.__swsetup_r
                0x0000cb4c      0x158 c:/progra~3/matlab/suppor~1/r2020a/3p778c~1.ins/gnuarm~1.ins/win/bin/../lib/gcc/arm-none-eabi/7.2.1/../../../../arm-none-eabi/lib\libg.a(lib_a-wsetup.o)
                0x0000cb4c                __swsetup_r
 .text.__call_exitprocs
                0x0000cca4      0x188 c:/progra~3/matlab/suppor~1/r2020a/3p778c~1.ins/gnuarm~1.ins/win/bin/../lib/gcc/arm-none-eabi/7.2.1/../../../../arm-none-eabi/lib\libg.a(lib_a-__call_atexit.o)
                0x0000cca4                __call_exitprocs
 .text.atexit   0x0000ce2c       0x20 c:/progra~3/matlab/suppor~1/r2020a/3p778c~1.ins/gnuarm~1.ins/win/bin/../lib/gcc/arm-none-eabi/7.2.1/../../../../arm-none-eabi/lib\libg.a(lib_a-atexit.o)
                0x0000ce2c                atexit
 .text._close_r
                0x0000ce4c       0x3c c:/progra~3/matlab/suppor~1/r2020a/3p778c~1.ins/gnuarm~1.ins/win/bin/../lib/gcc/arm-none-eabi/7.2.1/../../../../arm-none-eabi/lib\libg.a(lib_a-closer.o)
                0x0000ce4c                _close_r
 .text.quorem   0x0000ce88      0x1e8 c:/progra~3/matlab/suppor~1/r2020a/3p778c~1.ins/gnuarm~1.ins/win/bin/../lib/gcc/arm-none-eabi/7.2.1/../../../../arm-none-eabi/lib\libg.a(lib_a-dtoa.o)
 .text._dtoa_r  0x0000d070     0x15f4 c:/progra~3/matlab/suppor~1/r2020a/3p778c~1.ins/gnuarm~1.ins/win/bin/../lib/gcc/arm-none-eabi/7.2.1/../../../../arm-none-eabi/lib\libg.a(lib_a-dtoa.o)
                0x0000d070                _dtoa_r
 .text._fclose_r
                0x0000e664      0x170 c:/progra~3/matlab/suppor~1/r2020a/3p778c~1.ins/gnuarm~1.ins/win/bin/../lib/gcc/arm-none-eabi/7.2.1/../../../../arm-none-eabi/lib\libg.a(lib_a-fclose.o)
                0x0000e664                _fclose_r
 .text.__libc_fini_array
                0x0000e7d4       0x48 c:/progra~3/matlab/suppor~1/r2020a/3p778c~1.ins/gnuarm~1.ins/win/bin/../lib/gcc/arm-none-eabi/7.2.1/../../../../arm-none-eabi/lib\libg.a(lib_a-fini.o)
                0x0000e7d4                __libc_fini_array
 .text.__sfvwrite_r
                0x0000e81c      0x4c0 c:/progra~3/matlab/suppor~1/r2020a/3p778c~1.ins/gnuarm~1.ins/win/bin/../lib/gcc/arm-none-eabi/7.2.1/../../../../arm-none-eabi/lib\libg.a(lib_a-fvwrite.o)
                0x0000e81c                __sfvwrite_r
 .text._localeconv_r
                0x0000ecdc       0x28 c:/progra~3/matlab/suppor~1/r2020a/3p778c~1.ins/gnuarm~1.ins/win/bin/../lib/gcc/arm-none-eabi/7.2.1/../../../../arm-none-eabi/lib\libg.a(lib_a-localeconv.o)
                0x0000ecdc                _localeconv_r
 .text._lseek_r
                0x0000ed04       0x48 c:/progra~3/matlab/suppor~1/r2020a/3p778c~1.ins/gnuarm~1.ins/win/bin/../lib/gcc/arm-none-eabi/7.2.1/../../../../arm-none-eabi/lib\libg.a(lib_a-lseekr.o)
                0x0000ed04                _lseek_r
 .text.__swhatbuf_r
                0x0000ed4c       0xa0 c:/progra~3/matlab/suppor~1/r2020a/3p778c~1.ins/gnuarm~1.ins/win/bin/../lib/gcc/arm-none-eabi/7.2.1/../../../../arm-none-eabi/lib\libg.a(lib_a-makebuf.o)
                0x0000ed4c                __swhatbuf_r
 .text.__smakebuf_r
                0x0000edec      0x100 c:/progra~3/matlab/suppor~1/r2020a/3p778c~1.ins/gnuarm~1.ins/win/bin/../lib/gcc/arm-none-eabi/7.2.1/../../../../arm-none-eabi/lib\libg.a(lib_a-makebuf.o)
                0x0000edec                __smakebuf_r
 .text.memchr   0x0000eeec      0x110 c:/progra~3/matlab/suppor~1/r2020a/3p778c~1.ins/gnuarm~1.ins/win/bin/../lib/gcc/arm-none-eabi/7.2.1/../../../../arm-none-eabi/lib\libg.a(lib_a-memchr-stub.o)
                0x0000eeec                memchr
 .text.memcpy   0x0000effc      0x110 c:/progra~3/matlab/suppor~1/r2020a/3p778c~1.ins/gnuarm~1.ins/win/bin/../lib/gcc/arm-none-eabi/7.2.1/../../../../arm-none-eabi/lib\libg.a(lib_a-memcpy-stub.o)
                0x0000effc                memcpy
 .text.memmove  0x0000f10c      0x140 c:/progra~3/matlab/suppor~1/r2020a/3p778c~1.ins/gnuarm~1.ins/win/bin/../lib/gcc/arm-none-eabi/7.2.1/../../../../arm-none-eabi/lib\libg.a(lib_a-memmove.o)
                0x0000f10c                memmove
 .text._Balloc  0x0000f24c       0x8c c:/progra~3/matlab/suppor~1/r2020a/3p778c~1.ins/gnuarm~1.ins/win/bin/../lib/gcc/arm-none-eabi/7.2.1/../../../../arm-none-eabi/lib\libg.a(lib_a-mprec.o)
                0x0000f24c                _Balloc
 .text._Bfree   0x0000f2d8       0x1c c:/progra~3/matlab/suppor~1/r2020a/3p778c~1.ins/gnuarm~1.ins/win/bin/../lib/gcc/arm-none-eabi/7.2.1/../../../../arm-none-eabi/lib\libg.a(lib_a-mprec.o)
                0x0000f2d8                _Bfree
 .text.__multadd
                0x0000f2f4       0xdc c:/progra~3/matlab/suppor~1/r2020a/3p778c~1.ins/gnuarm~1.ins/win/bin/../lib/gcc/arm-none-eabi/7.2.1/../../../../arm-none-eabi/lib\libg.a(lib_a-mprec.o)
                0x0000f2f4                __multadd
 .text.__hi0bits
                0x0000f3d0       0x58 c:/progra~3/matlab/suppor~1/r2020a/3p778c~1.ins/gnuarm~1.ins/win/bin/../lib/gcc/arm-none-eabi/7.2.1/../../../../arm-none-eabi/lib\libg.a(lib_a-mprec.o)
                0x0000f3d0                __hi0bits
 .text.__lo0bits
                0x0000f428       0xa0 c:/progra~3/matlab/suppor~1/r2020a/3p778c~1.ins/gnuarm~1.ins/win/bin/../lib/gcc/arm-none-eabi/7.2.1/../../../../arm-none-eabi/lib\libg.a(lib_a-mprec.o)
                0x0000f428                __lo0bits
 .text.__i2b    0x0000f4c8       0x24 c:/progra~3/matlab/suppor~1/r2020a/3p778c~1.ins/gnuarm~1.ins/win/bin/../lib/gcc/arm-none-eabi/7.2.1/../../../../arm-none-eabi/lib\libg.a(lib_a-mprec.o)
                0x0000f4c8                __i2b
 .text.__multiply
                0x0000f4ec      0x200 c:/progra~3/matlab/suppor~1/r2020a/3p778c~1.ins/gnuarm~1.ins/win/bin/../lib/gcc/arm-none-eabi/7.2.1/../../../../arm-none-eabi/lib\libg.a(lib_a-mprec.o)
                0x0000f4ec                __multiply
 .text.__pow5mult
                0x0000f6ec      0x104 c:/progra~3/matlab/suppor~1/r2020a/3p778c~1.ins/gnuarm~1.ins/win/bin/../lib/gcc/arm-none-eabi/7.2.1/../../../../arm-none-eabi/lib\libg.a(lib_a-mprec.o)
                0x0000f6ec                __pow5mult
 .text.__lshift
                0x0000f7f0       0xf4 c:/progra~3/matlab/suppor~1/r2020a/3p778c~1.ins/gnuarm~1.ins/win/bin/../lib/gcc/arm-none-eabi/7.2.1/../../../../arm-none-eabi/lib\libg.a(lib_a-mprec.o)
                0x0000f7f0                __lshift
 .text.__mcmp   0x0000f8e4       0x60 c:/progra~3/matlab/suppor~1/r2020a/3p778c~1.ins/gnuarm~1.ins/win/bin/../lib/gcc/arm-none-eabi/7.2.1/../../../../arm-none-eabi/lib\libg.a(lib_a-mprec.o)
                0x0000f8e4                __mcmp
 .text.__mdiff  0x0000f944      0x188 c:/progra~3/matlab/suppor~1/r2020a/3p778c~1.ins/gnuarm~1.ins/win/bin/../lib/gcc/arm-none-eabi/7.2.1/../../../../arm-none-eabi/lib\libg.a(lib_a-mprec.o)
                0x0000f944                __mdiff
 .text.__d2b    0x0000facc      0x118 c:/progra~3/matlab/suppor~1/r2020a/3p778c~1.ins/gnuarm~1.ins/win/bin/../lib/gcc/arm-none-eabi/7.2.1/../../../../arm-none-eabi/lib\libg.a(lib_a-mprec.o)
                0x0000facc                __d2b
 .text._read_r  0x0000fbe4       0x48 c:/progra~3/matlab/suppor~1/r2020a/3p778c~1.ins/gnuarm~1.ins/win/bin/../lib/gcc/arm-none-eabi/7.2.1/../../../../arm-none-eabi/lib\libg.a(lib_a-readr.o)
                0x0000fbe4                _read_r
 .text._realloc_r
                0x0000fc2c      0x4f0 c:/progra~3/matlab/suppor~1/r2020a/3p778c~1.ins/gnuarm~1.ins/win/bin/../lib/gcc/arm-none-eabi/7.2.1/../../../../arm-none-eabi/lib\libg.a(lib_a-reallocr.o)
                0x0000fc2c                _realloc_r
 .text.__sprint_r.part.0
                0x0001011c       0xb0 c:/progra~3/matlab/suppor~1/r2020a/3p778c~1.ins/gnuarm~1.ins/win/bin/../lib/gcc/arm-none-eabi/7.2.1/../../../../arm-none-eabi/lib\libg.a(lib_a-vfiprintf.o)
 .text.__sprint_r
                0x000101cc       0x18 c:/progra~3/matlab/suppor~1/r2020a/3p778c~1.ins/gnuarm~1.ins/win/bin/../lib/gcc/arm-none-eabi/7.2.1/../../../../arm-none-eabi/lib\libg.a(lib_a-vfiprintf.o)
                0x000101cc                __sprint_r
 .text.__register_exitproc
                0x000101e4      0x100 c:/progra~3/matlab/suppor~1/r2020a/3p778c~1.ins/gnuarm~1.ins/win/bin/../lib/gcc/arm-none-eabi/7.2.1/../../../../arm-none-eabi/lib\libg.a(lib_a-__atexit.o)
                0x000101e4                __register_exitproc
 .text._calloc_r
                0x000102e4       0x98 c:/progra~3/matlab/suppor~1/r2020a/3p778c~1.ins/gnuarm~1.ins/win/bin/../lib/gcc/arm-none-eabi/7.2.1/../../../../arm-none-eabi/lib\libg.a(lib_a-callocr.o)
                0x000102e4                _calloc_r
 .text.__fputwc
                0x0001037c      0x110 c:/progra~3/matlab/suppor~1/r2020a/3p778c~1.ins/gnuarm~1.ins/win/bin/../lib/gcc/arm-none-eabi/7.2.1/../../../../arm-none-eabi/lib\libg.a(lib_a-fputwc.o)
                0x0001037c                __fputwc
 .text._fputwc_r
                0x0001048c       0xb8 c:/progra~3/matlab/suppor~1/r2020a/3p778c~1.ins/gnuarm~1.ins/win/bin/../lib/gcc/arm-none-eabi/7.2.1/../../../../arm-none-eabi/lib\libg.a(lib_a-fputwc.o)
                0x0001048c                _fputwc_r
 .text._fstat_r
                0x00010544       0x44 c:/progra~3/matlab/suppor~1/r2020a/3p778c~1.ins/gnuarm~1.ins/win/bin/../lib/gcc/arm-none-eabi/7.2.1/../../../../arm-none-eabi/lib\libg.a(lib_a-fstatr.o)
                0x00010544                _fstat_r
 .text._isatty_r
                0x00010588       0x3c c:/progra~3/matlab/suppor~1/r2020a/3p778c~1.ins/gnuarm~1.ins/win/bin/../lib/gcc/arm-none-eabi/7.2.1/../../../../arm-none-eabi/lib\libg.a(lib_a-isattyr.o)
                0x00010588                _isatty_r
 .text.__locale_mb_cur_max
                0x000105c4       0x28 c:/progra~3/matlab/suppor~1/r2020a/3p778c~1.ins/gnuarm~1.ins/win/bin/../lib/gcc/arm-none-eabi/7.2.1/../../../../arm-none-eabi/lib\libg.a(lib_a-locale.o)
                0x000105c4                __locale_mb_cur_max
 .text.__ascii_mbtowc
                0x000105ec       0x44 c:/progra~3/matlab/suppor~1/r2020a/3p778c~1.ins/gnuarm~1.ins/win/bin/../lib/gcc/arm-none-eabi/7.2.1/../../../../arm-none-eabi/lib\libg.a(lib_a-mbtowc_r.o)
                0x000105ec                __ascii_mbtowc
 .text.__swbuf_r
                0x00010630      0x134 c:/progra~3/matlab/suppor~1/r2020a/3p778c~1.ins/gnuarm~1.ins/win/bin/../lib/gcc/arm-none-eabi/7.2.1/../../../../arm-none-eabi/lib\libg.a(lib_a-wbuf.o)
                0x00010630                __swbuf_r
 .text._wcrtomb_r
                0x00010764       0x88 c:/progra~3/matlab/suppor~1/r2020a/3p778c~1.ins/gnuarm~1.ins/win/bin/../lib/gcc/arm-none-eabi/7.2.1/../../../../arm-none-eabi/lib\libg.a(lib_a-wcrtomb.o)
                0x00010764                _wcrtomb_r
 .text.__ascii_wctomb
                0x000107ec       0x28 c:/progra~3/matlab/suppor~1/r2020a/3p778c~1.ins/gnuarm~1.ins/win/bin/../lib/gcc/arm-none-eabi/7.2.1/../../../../arm-none-eabi/lib\libg.a(lib_a-wctomb_r.o)
                0x000107ec                __ascii_wctomb
 .text          0x00010814      0x114 c:/progra~3/matlab/suppor~1/r2020a/3p778c~1.ins/gnuarm~1.ins/win/bin/../lib/gcc/arm-none-eabi/7.2.1\libgcc.a(_udivsi3.o)
                0x00010814                __aeabi_uidiv
                0x00010814                __udivsi3
                0x00010908                __aeabi_uidivmod
 .text          0x00010928      0x148 c:/progra~3/matlab/suppor~1/r2020a/3p778c~1.ins/gnuarm~1.ins/win/bin/../lib/gcc/arm-none-eabi/7.2.1\libgcc.a(_divsi3.o)
                0x00010928                __divsi3
                0x00010928                __aeabi_idiv
                0x00010a50                __aeabi_idivmod
 .text          0x00010a70        0x4 c:/progra~3/matlab/suppor~1/r2020a/3p778c~1.ins/gnuarm~1.ins/win/bin/../lib/gcc/arm-none-eabi/7.2.1\libgcc.a(_dvmd_tls.o)
                0x00010a70                __aeabi_idiv0
                0x00010a70                __aeabi_ldiv0
 .text          0x00010a74       0x38 c:/progra~3/matlab/suppor~1/r2020a/3p778c~1.ins/gnuarm~1.ins/win/bin/../lib/gcc/arm-none-eabi/7.2.1\libgcc.a(_arm_unorddf2.o)
                0x00010a74                __unorddf2
                0x00010a74                __aeabi_dcmpun
 .text          0x00010aac       0x5c c:/progra~3/matlab/suppor~1/r2020a/3p778c~1.ins/gnuarm~1.ins/win/bin/../lib/gcc/arm-none-eabi/7.2.1\libgcc.a(_arm_fixdfsi.o)
                0x00010aac                __aeabi_d2iz
                0x00010aac                __fixdfsi
 .text          0x00010b08       0x3c c:/progra~3/matlab/suppor~1/r2020a/3p778c~1.ins/gnuarm~1.ins/win/bin/../lib/gcc/arm-none-eabi/7.2.1\libgcc.a(_aeabi_uldivmod.o)
                0x00010b08                __aeabi_uldivmod
 .text          0x00010b44      0x16c c:/progra~3/matlab/suppor~1/r2020a/3p778c~1.ins/gnuarm~1.ins/win/bin/../lib/gcc/arm-none-eabi/7.2.1\libgcc.a(_udivmoddi4.o)
                0x00010b44                __udivmoddi4
 .text          0x00010cb0       0x28 c:/progra~3/matlab/suppor~1/r2020a/3p778c~1.ins/gnuarm~1.ins/win/bin/../lib/gcc/arm-none-eabi/7.2.1\libgcc.a(_clzdi2.o)
                0x00010cb0                __clzdi2
 .text          0x00010cd8       0x48 c:/progra~3/matlab/suppor~1/r2020a/3p778c~1.ins/gnuarm~1.ins/win/bin/../lib/gcc/arm-none-eabi/7.2.1\libgcc.a(_clzsi2.o)
                0x00010cd8                __clzsi2
 *(.gnu.warning)
 *(.glue_7t)
 .glue_7t       0x00010d20        0x0 linker stubs
 *(.glue_7)
 .glue_7        0x00010d20        0x0 linker stubs
 *(.vfp11_veneer)
 .vfp11_veneer  0x00010d20        0x0 linker stubs
 *(.v4_bx)
 .v4_bx         0x00010d20        0x0 linker stubs

.fini           0x00010d20       0x18
 *(SORT_NONE(.fini))
 .fini          0x00010d20        0xc c:/progra~3/matlab/suppor~1/r2020a/3p778c~1.ins/gnuarm~1.ins/win/bin/../lib/gcc/arm-none-eabi/7.2.1/crti.o
                0x00010d20                _fini
 .fini          0x00010d2c        0xc c:/progra~3/matlab/suppor~1/r2020a/3p778c~1.ins/gnuarm~1.ins/win/bin/../lib/gcc/arm-none-eabi/7.2.1/crtn.o
                [!provide]                PROVIDE (__etext, .)
                [!provide]                PROVIDE (_etext, .)
                [!provide]                PROVIDE (etext, .)

.rodata         0x00010d38      0x3a5
 *(.rodata .rodata.* .gnu.linkonce.r.*)
 .rodata        0x00010d38      0x11b ert_main.o
 *fill*         0x00010e53        0x1 
 .rodata._global_impure_ptr
                0x00010e54        0x4 c:/progra~3/matlab/suppor~1/r2020a/3p778c~1.ins/gnuarm~1.ins/win/bin/../lib/gcc/arm-none-eabi/7.2.1/../../../../arm-none-eabi/lib\libg.a(lib_a-impure.o)
                0x00010e54                _global_impure_ptr
 .rodata._puts_r.str1.4
                0x00010e58        0x2 c:/progra~3/matlab/suppor~1/r2020a/3p778c~1.ins/gnuarm~1.ins/win/bin/../lib/gcc/arm-none-eabi/7.2.1/../../../../arm-none-eabi/lib\libg.a(lib_a-puts.o)
 *fill*         0x00010e5a        0x2 
 .rodata._vfprintf_r.str1.4
                0x00010e5c       0x42 c:/progra~3/matlab/suppor~1/r2020a/3p778c~1.ins/gnuarm~1.ins/win/bin/../lib/gcc/arm-none-eabi/7.2.1/../../../../arm-none-eabi/lib\libg.a(lib_a-vfprintf.o)
 *fill*         0x00010e9e        0x2 
 .rodata.blanks.7291
                0x00010ea0       0x10 c:/progra~3/matlab/suppor~1/r2020a/3p778c~1.ins/gnuarm~1.ins/win/bin/../lib/gcc/arm-none-eabi/7.2.1/../../../../arm-none-eabi/lib\libg.a(lib_a-vfprintf.o)
 .rodata.zeroes.7292
                0x00010eb0       0x10 c:/progra~3/matlab/suppor~1/r2020a/3p778c~1.ins/gnuarm~1.ins/win/bin/../lib/gcc/arm-none-eabi/7.2.1/../../../../arm-none-eabi/lib\libg.a(lib_a-vfprintf.o)
 .rodata._dtoa_r.str1.4
                0x00010ec0       0x10 c:/progra~3/matlab/suppor~1/r2020a/3p778c~1.ins/gnuarm~1.ins/win/bin/../lib/gcc/arm-none-eabi/7.2.1/../../../../arm-none-eabi/lib\libg.a(lib_a-dtoa.o)
                                 0x12 (size before relaxing)
 .rodata.__mprec_bigtens
                0x00010ed0       0x28 c:/progra~3/matlab/suppor~1/r2020a/3p778c~1.ins/gnuarm~1.ins/win/bin/../lib/gcc/arm-none-eabi/7.2.1/../../../../arm-none-eabi/lib\libg.a(lib_a-mprec.o)
                0x00010ed0                __mprec_bigtens
 .rodata.__mprec_tens
                0x00010ef8       0xc8 c:/progra~3/matlab/suppor~1/r2020a/3p778c~1.ins/gnuarm~1.ins/win/bin/../lib/gcc/arm-none-eabi/7.2.1/../../../../arm-none-eabi/lib\libg.a(lib_a-mprec.o)
                0x00010ef8                __mprec_tens
 .rodata.p05.6092
                0x00010fc0        0xc c:/progra~3/matlab/suppor~1/r2020a/3p778c~1.ins/gnuarm~1.ins/win/bin/../lib/gcc/arm-none-eabi/7.2.1/../../../../arm-none-eabi/lib\libg.a(lib_a-mprec.o)
 .rodata._setlocale_r.str1.4
                0x00010fcc        0xa c:/progra~3/matlab/suppor~1/r2020a/3p778c~1.ins/gnuarm~1.ins/win/bin/../lib/gcc/arm-none-eabi/7.2.1/../../../../arm-none-eabi/lib\libg.a(lib_a-locale.o)
                                  0xd (size before relaxing)
 *fill*         0x00010fd6        0x2 
 .rodata.str1.4
                0x00010fd8        0x4 c:/progra~3/matlab/suppor~1/r2020a/3p778c~1.ins/gnuarm~1.ins/win/bin/../lib/gcc/arm-none-eabi/7.2.1/../../../../arm-none-eabi/lib\libg.a(lib_a-locale.o)
                                  0x2 (size before relaxing)
 .rodata._ctype_
                0x00010fdc      0x101 c:/progra~3/matlab/suppor~1/r2020a/3p778c~1.ins/gnuarm~1.ins/win/bin/../lib/gcc/arm-none-eabi/7.2.1/../../../../arm-none-eabi/lib\libg.a(lib_a-ctype_.o)
                0x00010fdc                _ctype_

.rodata1
 *(.rodata1)

.ARM.extab
 *(.ARM.extab* .gnu.linkonce.armextab.*)
                [!provide]                PROVIDE (__exidx_start, .)

.ARM.exidx      0x000110e0        0x8
 *(.ARM.exidx* .gnu.linkonce.armexidx.*)
 .ARM.exidx     0x000110e0        0x8 c:/progra~3/matlab/suppor~1/r2020a/3p778c~1.ins/gnuarm~1.ins/win/bin/../lib/gcc/arm-none-eabi/7.2.1/../../../../arm-none-eabi/lib/crt0.o
 .ARM.exidx     0x000110e8        0x0 c:/progra~3/matlab/suppor~1/r2020a/3p778c~1.ins/gnuarm~1.ins/win/bin/../lib/gcc/arm-none-eabi/7.2.1\libgcc.a(_udivmoddi4.o)
                                  0x8 (size before relaxing)
                [!provide]                PROVIDE (__exidx_end, .)

.eh_frame_hdr
 *(.eh_frame_hdr)
 *(.eh_frame_entry .eh_frame_entry.*)

.eh_frame       0x000110e8        0x4
 *(.eh_frame)
 .eh_frame      0x000110e8        0x0 c:/progra~3/matlab/suppor~1/r2020a/3p778c~1.ins/gnuarm~1.ins/win/bin/../lib/gcc/arm-none-eabi/7.2.1/crtbegin.o
 .eh_frame      0x000110e8        0x4 c:/progra~3/matlab/suppor~1/r2020a/3p778c~1.ins/gnuarm~1.ins/win/bin/../lib/gcc/arm-none-eabi/7.2.1/crtend.o
 *(.eh_frame.*)

.gcc_except_table
 *(.gcc_except_table .gcc_except_table.*)

.gnu_extab
 *(.gnu_extab*)

.exception_ranges
 *(.exception_ranges .exception_ranges*)
                0x000210ec                . = (ALIGN (CONSTANT (MAXPAGESIZE)) + (. & (CONSTANT (MAXPAGESIZE) - 0x1)))

.eh_frame
 *(.eh_frame)
 *(.eh_frame.*)

.gnu_extab
 *(.gnu_extab)

.gcc_except_table
 *(.gcc_except_table .gcc_except_table.*)

.exception_ranges
 *(.exception_ranges .exception_ranges*)

.tdata
 *(.tdata .tdata.* .gnu.linkonce.td.*)

.tbss
 *(.tbss .tbss.* .gnu.linkonce.tb.*)
 *(.tcommon)

.preinit_array  0x000210ec        0x0
                0x000210ec                PROVIDE (__preinit_array_start, .)
 *(.preinit_array)
                0x000210ec                PROVIDE (__preinit_array_end, .)

.init_array     0x000210ec        0x8
                0x000210ec                PROVIDE (__init_array_start, .)
 *(SORT_BY_INIT_PRIORITY(.init_array.*) SORT_BY_INIT_PRIORITY(.ctors.*))
 .init_array.00000
                0x000210ec        0x4 c:/progra~3/matlab/suppor~1/r2020a/3p778c~1.ins/gnuarm~1.ins/win/bin/../lib/gcc/arm-none-eabi/7.2.1/../../../../arm-none-eabi/lib\libg.a(lib_a-__call_atexit.o)
 *(.init_array EXCLUDE_FILE(*crtend?.o *crtend.o *crtbegin?.o *crtbegin.o) .ctors)
 .init_array    0x000210f0        0x4 c:/progra~3/matlab/suppor~1/r2020a/3p778c~1.ins/gnuarm~1.ins/win/bin/../lib/gcc/arm-none-eabi/7.2.1/crtbegin.o
                0x000210f4                PROVIDE (__init_array_end, .)

.fini_array     0x000210f4        0x4
                0x000210f4                PROVIDE (__fini_array_start, .)
 *(SORT_BY_INIT_PRIORITY(.fini_array.*) SORT_BY_INIT_PRIORITY(.dtors.*))
 *(.fini_array EXCLUDE_FILE(*crtend?.o *crtend.o *crtbegin?.o *crtbegin.o) .dtors)
 .fini_array    0x000210f4        0x4 c:/progra~3/matlab/suppor~1/r2020a/3p778c~1.ins/gnuarm~1.ins/win/bin/../lib/gcc/arm-none-eabi/7.2.1/crtbegin.o
                0x000210f8                PROVIDE (__fini_array_end, .)

.ctors
 *crtbegin.o(.ctors)
 *crtbegin?.o(.ctors)
 *(EXCLUDE_FILE(*crtend?.o *crtend.o) .ctors)
 *(SORT_BY_NAME(.ctors.*))
 *(.ctors)

.dtors
 *crtbegin.o(.dtors)
 *crtbegin?.o(.dtors)
 *(EXCLUDE_FILE(*crtend?.o *crtend.o) .dtors)
 *(SORT_BY_NAME(.dtors.*))
 *(.dtors)

.jcr
 *(.jcr)

.data.rel.ro
 *(.data.rel.ro.local* .gnu.linkonce.d.rel.ro.local.*)
 *(.data.rel.ro .data.rel.ro.* .gnu.linkonce.d.rel.ro.*)

.dynamic
 *(.dynamic)

.got            0x000210f8        0x0
 *(.got.plt)
 *(.igot.plt)
 .igot.plt      0x000210f8        0x0 c:/progra~3/matlab/suppor~1/r2020a/3p778c~1.ins/gnuarm~1.ins/win/bin/../lib/gcc/arm-none-eabi/7.2.1/crtbegin.o
 *(.got)
 *(.igot)

.data           0x000210f8      0x9b0
                0x000210f8                __data_start = .
 *(.data .data.* .gnu.linkonce.d.*)
 .data.RT_MEMORY_ALLOCATION_ERROR
                0x000210f8        0x4 ert_main.o
                0x000210f8                RT_MEMORY_ALLOCATION_ERROR
 .data._impure_ptr
                0x000210fc        0x4 c:/progra~3/matlab/suppor~1/r2020a/3p778c~1.ins/gnuarm~1.ins/win/bin/../lib/gcc/arm-none-eabi/7.2.1/../../../../arm-none-eabi/lib\libg.a(lib_a-impure.o)
                0x000210fc                _impure_ptr
 .data.impure_data
                0x00021100      0x428 c:/progra~3/matlab/suppor~1/r2020a/3p778c~1.ins/gnuarm~1.ins/win/bin/../lib/gcc/arm-none-eabi/7.2.1/../../../../arm-none-eabi/lib\libg.a(lib_a-impure.o)
 .data.__malloc_av_
                0x00021528      0x408 c:/progra~3/matlab/suppor~1/r2020a/3p778c~1.ins/gnuarm~1.ins/win/bin/../lib/gcc/arm-none-eabi/7.2.1/../../../../arm-none-eabi/lib\libg.a(lib_a-mallocr.o)
                0x00021528                __malloc_av_
 .data.__malloc_sbrk_base
                0x00021930        0x4 c:/progra~3/matlab/suppor~1/r2020a/3p778c~1.ins/gnuarm~1.ins/win/bin/../lib/gcc/arm-none-eabi/7.2.1/../../../../arm-none-eabi/lib\libg.a(lib_a-mallocr.o)
                0x00021930                __malloc_sbrk_base
 .data.__malloc_trim_threshold
                0x00021934        0x4 c:/progra~3/matlab/suppor~1/r2020a/3p778c~1.ins/gnuarm~1.ins/win/bin/../lib/gcc/arm-none-eabi/7.2.1/../../../../arm-none-eabi/lib\libg.a(lib_a-mallocr.o)
                0x00021934                __malloc_trim_threshold
 .data.__atexit_recursive_mutex
                0x00021938        0x4 c:/progra~3/matlab/suppor~1/r2020a/3p778c~1.ins/gnuarm~1.ins/win/bin/../lib/gcc/arm-none-eabi/7.2.1/../../../../arm-none-eabi/lib\libg.a(lib_a-__call_atexit.o)
                0x00021938                __atexit_recursive_mutex
 .data.__global_locale
                0x0002193c      0x16c c:/progra~3/matlab/suppor~1/r2020a/3p778c~1.ins/gnuarm~1.ins/win/bin/../lib/gcc/arm-none-eabi/7.2.1/../../../../arm-none-eabi/lib\libg.a(lib_a-locale.o)
                0x0002193c                __global_locale

.data1
 *(.data1)
                0x00021aa8                _edata = .
                [!provide]                PROVIDE (edata, .)
                0x00021aa8                . = .
                0x00021aa8                __bss_start = .
                0x00021aa8                __bss_start__ = .

.bss            0x00021aa8       0x9c
 *(.dynbss)
 *(.bss .bss.* .gnu.linkonce.b.*)
 .bss           0x00021aa8       0x1c c:/progra~3/matlab/suppor~1/r2020a/3p778c~1.ins/gnuarm~1.ins/win/bin/../lib/gcc/arm-none-eabi/7.2.1/crtbegin.o
 .bss.__malloc_current_mallinfo
                0x00021ac4       0x28 c:/progra~3/matlab/suppor~1/r2020a/3p778c~1.ins/gnuarm~1.ins/win/bin/../lib/gcc/arm-none-eabi/7.2.1/../../../../arm-none-eabi/lib\libg.a(lib_a-mallocr.o)
                0x00021ac4                __malloc_current_mallinfo
 .bss.__malloc_max_sbrked_mem
                0x00021aec        0x4 c:/progra~3/matlab/suppor~1/r2020a/3p778c~1.ins/gnuarm~1.ins/win/bin/../lib/gcc/arm-none-eabi/7.2.1/../../../../arm-none-eabi/lib\libg.a(lib_a-mallocr.o)
                0x00021aec                __malloc_max_sbrked_mem
 .bss.__malloc_max_total_mem
                0x00021af0        0x4 c:/progra~3/matlab/suppor~1/r2020a/3p778c~1.ins/gnuarm~1.ins/win/bin/../lib/gcc/arm-none-eabi/7.2.1/../../../../arm-none-eabi/lib\libg.a(lib_a-mallocr.o)
                0x00021af0                __malloc_max_total_mem
 .bss.__malloc_top_pad
                0x00021af4        0x4 c:/progra~3/matlab/suppor~1/r2020a/3p778c~1.ins/gnuarm~1.ins/win/bin/../lib/gcc/arm-none-eabi/7.2.1/../../../../arm-none-eabi/lib\libg.a(lib_a-mallocr.o)
                0x00021af4                __malloc_top_pad
 *(COMMON)
 COMMON         0x00021af8       0x24 rt_nonfinite.o
                0x00021af8                rtNaNF
                0x00021afc                rtInfF
                0x00021b00                rtInf
                0x00021b08                rtNaN
                0x00021b10                rtMinusInf
                0x00021b18                rtMinusInfF
 COMMON         0x00021b1c       0x21 c:/progra~3/matlab/suppor~1/r2020a/3p778c~1.ins/gnuarm~1.ins/win/bin/../lib/gcc/arm-none-eabi/7.2.1/../../../../arm-none-eabi/lib\libg.a(lib_a-lock.o)
                0x00021b1c                __lock___atexit_recursive_mutex
                0x00021b20                __lock___arc4random_mutex
                0x00021b24                __lock___env_recursive_mutex
                0x00021b28                __lock___sinit_recursive_mutex
                0x00021b2c                __lock___malloc_recursive_mutex
                0x00021b30                __lock___at_quick_exit_mutex
                0x00021b34                __lock___dd_hash_mutex
                0x00021b38                __lock___tz_mutex
                0x00021b3c                __lock___sfp_recursive_mutex
 *fill*         0x00021b3d        0x3 
 COMMON         0x00021b40        0x4 c:/progra~3/matlab/suppor~1/r2020a/3p778c~1.ins/gnuarm~1.ins/win/bin/../lib/gcc/arm-none-eabi/7.2.1/../../../../arm-none-eabi/lib\libg.a(lib_a-reent.o)
                0x00021b40                errno
                0x00021b44                . = ALIGN ((. != 0x0)?0x4:0x1)
                0x00021b44                _bss_end__ = .
                0x00021b44                __bss_end__ = .
                0x00021b44                . = ALIGN (0x4)
                0x00021b44                . = SEGMENT_START ("ldata-segment", .)
                0x00021b44                . = ALIGN (0x4)
                0x00021b44                __end__ = .
                0x00021b44                _end = .
                [!provide]                PROVIDE (end, .)

.stack          0x00080000        0x0
                0x00080000                _stack = .
 *(.stack)

.stab
 *(.stab)

.stabstr
 *(.stabstr)

.stab.excl
 *(.stab.excl)

.stab.exclstr
 *(.stab.exclstr)

.stab.index
 *(.stab.index)

.stab.indexstr
 *(.stab.indexstr)

.comment        0x00000000       0x7e
 *(.comment)
 .comment       0x00000000       0x7e ert_main.o
                                 0x7f (size before relaxing)
 .comment       0x0000007e       0x7f rtGetInf.o
 .comment       0x0000007e       0x7f rtGetNaN.o
 .comment       0x0000007e       0x7f rt_nonfinite.o
 .comment       0x0000007e       0x7f sf_simulink.o

.debug
 *(.debug)

.line
 *(.line)

.debug_srcinfo
 *(.debug_srcinfo)

.debug_sfnames
 *(.debug_sfnames)

.debug_aranges  0x00000000      0x100
 *(.debug_aranges)
 .debug_aranges
                0x00000000       0x28 ert_main.o
 .debug_aranges
                0x00000028       0x38 rtGetInf.o
 .debug_aranges
                0x00000060       0x28 rtGetNaN.o
 .debug_aranges
                0x00000088       0x40 rt_nonfinite.o
 .debug_aranges
                0x000000c8       0x38 sf_simulink.o

.debug_pubnames
 *(.debug_pubnames)

.debug_info     0x00000000     0x2330
 *(.debug_info .gnu.linkonce.wi.*)
 .debug_info    0x00000000      0xd36 ert_main.o
 .debug_info    0x00000d36      0x29c rtGetInf.o
 .debug_info    0x00000fd2      0x207 rtGetNaN.o
 .debug_info    0x000011d9      0x2f0 rt_nonfinite.o
 .debug_info    0x000014c9      0xe67 sf_simulink.o

.debug_abbrev   0x00000000      0x7a6
 *(.debug_abbrev)
 .debug_abbrev  0x00000000      0x227 ert_main.o
 .debug_abbrev  0x00000227       0xf7 rtGetInf.o
 .debug_abbrev  0x0000031e       0xdb rtGetNaN.o
 .debug_abbrev  0x000003f9      0x111 rt_nonfinite.o
 .debug_abbrev  0x0000050a      0x29c sf_simulink.o

.debug_line     0x00000000      0xa29
 *(.debug_line .debug_line.* .debug_line_end)
 .debug_line    0x00000000      0x23c ert_main.o
 .debug_line    0x0000023c      0x147 rtGetInf.o
 .debug_line    0x00000383      0x11b rtGetNaN.o
 .debug_line    0x0000049e      0x1bf rt_nonfinite.o
 .debug_line    0x0000065d      0x3cc sf_simulink.o

.debug_frame    0x00000000     0x1ae4
 *(.debug_frame)
 .debug_frame   0x00000000       0x5c ert_main.o
 .debug_frame   0x0000005c       0xa0 rtGetInf.o
 .debug_frame   0x000000fc       0x58 rtGetNaN.o
 .debug_frame   0x00000154       0xcc rt_nonfinite.o
 .debug_frame   0x00000220       0xc4 sf_simulink.o
 .debug_frame   0x000002e4       0xac c:/progra~3/matlab/suppor~1/r2020a/3p778c~1.ins/gnuarm~1.ins/win/bin/../lib/gcc/arm-none-eabi/7.2.1\libgcc.a(_arm_addsubdf3.o)
 .debug_frame   0x00000390       0x50 c:/progra~3/matlab/suppor~1/r2020a/3p778c~1.ins/gnuarm~1.ins/win/bin/../lib/gcc/arm-none-eabi/7.2.1\libgcc.a(_arm_muldivdf3.o)
 .debug_frame   0x000003e0       0xc4 c:/progra~3/matlab/suppor~1/r2020a/3p778c~1.ins/gnuarm~1.ins/win/bin/../lib/gcc/arm-none-eabi/7.2.1\libgcc.a(_arm_cmpdf2.o)
 .debug_frame   0x000004a4       0x28 c:/progra~3/matlab/suppor~1/r2020a/3p778c~1.ins/gnuarm~1.ins/win/bin/../lib/gcc/arm-none-eabi/7.2.1/../../../../arm-none-eabi/lib\libg.a(lib_a-exit.o)
 .debug_frame   0x000004cc       0xa0 c:/progra~3/matlab/suppor~1/r2020a/3p778c~1.ins/gnuarm~1.ins/win/bin/../lib/gcc/arm-none-eabi/7.2.1/../../../../arm-none-eabi/lib\libg.a(lib_a-fflush.o)
 .debug_frame   0x0000056c      0x1b4 c:/progra~3/matlab/suppor~1/r2020a/3p778c~1.ins/gnuarm~1.ins/win/bin/../lib/gcc/arm-none-eabi/7.2.1/../../../../arm-none-eabi/lib\libg.a(lib_a-findfp.o)
 .debug_frame   0x00000720       0x6c c:/progra~3/matlab/suppor~1/r2020a/3p778c~1.ins/gnuarm~1.ins/win/bin/../lib/gcc/arm-none-eabi/7.2.1/../../../../arm-none-eabi/lib\libg.a(lib_a-fprintf.o)
 .debug_frame   0x0000078c       0x74 c:/progra~3/matlab/suppor~1/r2020a/3p778c~1.ins/gnuarm~1.ins/win/bin/../lib/gcc/arm-none-eabi/7.2.1/../../../../arm-none-eabi/lib\libg.a(lib_a-freer.o)
 .debug_frame   0x00000800       0x68 c:/progra~3/matlab/suppor~1/r2020a/3p778c~1.ins/gnuarm~1.ins/win/bin/../lib/gcc/arm-none-eabi/7.2.1/../../../../arm-none-eabi/lib\libg.a(lib_a-fwalk.o)
 .debug_frame   0x00000868       0x74 c:/progra~3/matlab/suppor~1/r2020a/3p778c~1.ins/gnuarm~1.ins/win/bin/../lib/gcc/arm-none-eabi/7.2.1/../../../../arm-none-eabi/lib\libg.a(lib_a-fwrite.o)
 .debug_frame   0x000008dc       0x34 c:/progra~3/matlab/suppor~1/r2020a/3p778c~1.ins/gnuarm~1.ins/win/bin/../lib/gcc/arm-none-eabi/7.2.1/../../../../arm-none-eabi/lib\libg.a(lib_a-init.o)
 .debug_frame   0x00000910       0xb0 c:/progra~3/matlab/suppor~1/r2020a/3p778c~1.ins/gnuarm~1.ins/win/bin/../lib/gcc/arm-none-eabi/7.2.1/../../../../arm-none-eabi/lib\libg.a(lib_a-lock.o)
 .debug_frame   0x000009c0       0x48 c:/progra~3/matlab/suppor~1/r2020a/3p778c~1.ins/gnuarm~1.ins/win/bin/../lib/gcc/arm-none-eabi/7.2.1/../../../../arm-none-eabi/lib\libg.a(lib_a-malloc.o)
 .debug_frame   0x00000a08       0x94 c:/progra~3/matlab/suppor~1/r2020a/3p778c~1.ins/gnuarm~1.ins/win/bin/../lib/gcc/arm-none-eabi/7.2.1/../../../../arm-none-eabi/lib\libg.a(lib_a-mallocr.o)
 .debug_frame   0x00000a9c       0x30 c:/progra~3/matlab/suppor~1/r2020a/3p778c~1.ins/gnuarm~1.ins/win/bin/../lib/gcc/arm-none-eabi/7.2.1/../../../../arm-none-eabi/lib\libg.a(lib_a-memset.o)
 .debug_frame   0x00000acc       0x48 c:/progra~3/matlab/suppor~1/r2020a/3p778c~1.ins/gnuarm~1.ins/win/bin/../lib/gcc/arm-none-eabi/7.2.1/../../../../arm-none-eabi/lib\libg.a(lib_a-mlock.o)
 .debug_frame   0x00000b14       0x58 c:/progra~3/matlab/suppor~1/r2020a/3p778c~1.ins/gnuarm~1.ins/win/bin/../lib/gcc/arm-none-eabi/7.2.1/../../../../arm-none-eabi/lib\libg.a(lib_a-puts.o)
 .debug_frame   0x00000b6c       0x34 c:/progra~3/matlab/suppor~1/r2020a/3p778c~1.ins/gnuarm~1.ins/win/bin/../lib/gcc/arm-none-eabi/7.2.1/../../../../arm-none-eabi/lib\libg.a(lib_a-sbrkr.o)
 .debug_frame   0x00000ba0       0x9c c:/progra~3/matlab/suppor~1/r2020a/3p778c~1.ins/gnuarm~1.ins/win/bin/../lib/gcc/arm-none-eabi/7.2.1/../../../../arm-none-eabi/lib\libg.a(lib_a-stdio.o)
 .debug_frame   0x00000c3c       0x20 c:/progra~3/matlab/suppor~1/r2020a/3p778c~1.ins/gnuarm~1.ins/win/bin/../lib/gcc/arm-none-eabi/7.2.1/../../../../arm-none-eabi/lib\libg.a(lib_a-strlen-stub.o)
 .debug_frame   0x00000c5c       0xb8 c:/progra~3/matlab/suppor~1/r2020a/3p778c~1.ins/gnuarm~1.ins/win/bin/../lib/gcc/arm-none-eabi/7.2.1/../../../../arm-none-eabi/lib\libg.a(lib_a-vfprintf.o)
 .debug_frame   0x00000d14       0x34 c:/progra~3/matlab/suppor~1/r2020a/3p778c~1.ins/gnuarm~1.ins/win/bin/../lib/gcc/arm-none-eabi/7.2.1/../../../../arm-none-eabi/lib\libg.a(lib_a-writer.o)
 .debug_frame   0x00000d48       0x38 c:/progra~3/matlab/suppor~1/r2020a/3p778c~1.ins/gnuarm~1.ins/win/bin/../lib/gcc/arm-none-eabi/7.2.1/../../../../arm-none-eabi/lib\libg.a(lib_a-wsetup.o)
 .debug_frame   0x00000d80       0x68 c:/progra~3/matlab/suppor~1/r2020a/3p778c~1.ins/gnuarm~1.ins/win/bin/../lib/gcc/arm-none-eabi/7.2.1/../../../../arm-none-eabi/lib\libg.a(lib_a-__call_atexit.o)
 .debug_frame   0x00000de8       0x2c c:/progra~3/matlab/suppor~1/r2020a/3p778c~1.ins/gnuarm~1.ins/win/bin/../lib/gcc/arm-none-eabi/7.2.1/../../../../arm-none-eabi/lib\libg.a(lib_a-atexit.o)
 .debug_frame   0x00000e14       0x34 c:/progra~3/matlab/suppor~1/r2020a/3p778c~1.ins/gnuarm~1.ins/win/bin/../lib/gcc/arm-none-eabi/7.2.1/../../../../arm-none-eabi/lib\libg.a(lib_a-closer.o)
 .debug_frame   0x00000e48       0xc0 c:/progra~3/matlab/suppor~1/r2020a/3p778c~1.ins/gnuarm~1.ins/win/bin/../lib/gcc/arm-none-eabi/7.2.1/../../../../arm-none-eabi/lib\libg.a(lib_a-dtoa.o)
 .debug_frame   0x00000f08       0x58 c:/progra~3/matlab/suppor~1/r2020a/3p778c~1.ins/gnuarm~1.ins/win/bin/../lib/gcc/arm-none-eabi/7.2.1/../../../../arm-none-eabi/lib\libg.a(lib_a-fclose.o)
 .debug_frame   0x00000f60       0x34 c:/progra~3/matlab/suppor~1/r2020a/3p778c~1.ins/gnuarm~1.ins/win/bin/../lib/gcc/arm-none-eabi/7.2.1/../../../../arm-none-eabi/lib\libg.a(lib_a-fini.o)
 .debug_frame   0x00000f94       0x70 c:/progra~3/matlab/suppor~1/r2020a/3p778c~1.ins/gnuarm~1.ins/win/bin/../lib/gcc/arm-none-eabi/7.2.1/../../../../arm-none-eabi/lib\libg.a(lib_a-fvwrite.o)
 .debug_frame   0x00001004       0x40 c:/progra~3/matlab/suppor~1/r2020a/3p778c~1.ins/gnuarm~1.ins/win/bin/../lib/gcc/arm-none-eabi/7.2.1/../../../../arm-none-eabi/lib\libg.a(lib_a-localeconv.o)
 .debug_frame   0x00001044       0x34 c:/progra~3/matlab/suppor~1/r2020a/3p778c~1.ins/gnuarm~1.ins/win/bin/../lib/gcc/arm-none-eabi/7.2.1/../../../../arm-none-eabi/lib\libg.a(lib_a-lseekr.o)
 .debug_frame   0x00001078       0x8c c:/progra~3/matlab/suppor~1/r2020a/3p778c~1.ins/gnuarm~1.ins/win/bin/../lib/gcc/arm-none-eabi/7.2.1/../../../../arm-none-eabi/lib\libg.a(lib_a-makebuf.o)
 .debug_frame   0x00001104       0x38 c:/progra~3/matlab/suppor~1/r2020a/3p778c~1.ins/gnuarm~1.ins/win/bin/../lib/gcc/arm-none-eabi/7.2.1/../../../../arm-none-eabi/lib\libg.a(lib_a-memchr-stub.o)
 .debug_frame   0x0000113c       0x34 c:/progra~3/matlab/suppor~1/r2020a/3p778c~1.ins/gnuarm~1.ins/win/bin/../lib/gcc/arm-none-eabi/7.2.1/../../../../arm-none-eabi/lib\libg.a(lib_a-memcpy-stub.o)
 .debug_frame   0x00001170       0x34 c:/progra~3/matlab/suppor~1/r2020a/3p778c~1.ins/gnuarm~1.ins/win/bin/../lib/gcc/arm-none-eabi/7.2.1/../../../../arm-none-eabi/lib\libg.a(lib_a-memmove.o)
 .debug_frame   0x000011a4      0x2f0 c:/progra~3/matlab/suppor~1/r2020a/3p778c~1.ins/gnuarm~1.ins/win/bin/../lib/gcc/arm-none-eabi/7.2.1/../../../../arm-none-eabi/lib\libg.a(lib_a-mprec.o)
 .debug_frame   0x00001494       0x34 c:/progra~3/matlab/suppor~1/r2020a/3p778c~1.ins/gnuarm~1.ins/win/bin/../lib/gcc/arm-none-eabi/7.2.1/../../../../arm-none-eabi/lib\libg.a(lib_a-readr.o)
 .debug_frame   0x000014c8       0x70 c:/progra~3/matlab/suppor~1/r2020a/3p778c~1.ins/gnuarm~1.ins/win/bin/../lib/gcc/arm-none-eabi/7.2.1/../../../../arm-none-eabi/lib\libg.a(lib_a-reallocr.o)
 .debug_frame   0x00001538       0x68 c:/progra~3/matlab/suppor~1/r2020a/3p778c~1.ins/gnuarm~1.ins/win/bin/../lib/gcc/arm-none-eabi/7.2.1/../../../../arm-none-eabi/lib\libg.a(lib_a-reent.o)
 .debug_frame   0x000015a0      0x104 c:/progra~3/matlab/suppor~1/r2020a/3p778c~1.ins/gnuarm~1.ins/win/bin/../lib/gcc/arm-none-eabi/7.2.1/../../../../arm-none-eabi/lib\libg.a(lib_a-vfiprintf.o)
 .debug_frame   0x000016a4       0x44 c:/progra~3/matlab/suppor~1/r2020a/3p778c~1.ins/gnuarm~1.ins/win/bin/../lib/gcc/arm-none-eabi/7.2.1/../../../../arm-none-eabi/lib\libg.a(lib_a-__atexit.o)
 .debug_frame   0x000016e8       0x34 c:/progra~3/matlab/suppor~1/r2020a/3p778c~1.ins/gnuarm~1.ins/win/bin/../lib/gcc/arm-none-eabi/7.2.1/../../../../arm-none-eabi/lib\libg.a(lib_a-callocr.o)
 .debug_frame   0x0000171c       0xc0 c:/progra~3/matlab/suppor~1/r2020a/3p778c~1.ins/gnuarm~1.ins/win/bin/../lib/gcc/arm-none-eabi/7.2.1/../../../../arm-none-eabi/lib\libg.a(lib_a-fputwc.o)
 .debug_frame   0x000017dc       0x34 c:/progra~3/matlab/suppor~1/r2020a/3p778c~1.ins/gnuarm~1.ins/win/bin/../lib/gcc/arm-none-eabi/7.2.1/../../../../arm-none-eabi/lib\libg.a(lib_a-fstatr.o)
 .debug_frame   0x00001810       0x34 c:/progra~3/matlab/suppor~1/r2020a/3p778c~1.ins/gnuarm~1.ins/win/bin/../lib/gcc/arm-none-eabi/7.2.1/../../../../arm-none-eabi/lib\libg.a(lib_a-isattyr.o)
 .debug_frame   0x00001844       0x70 c:/progra~3/matlab/suppor~1/r2020a/3p778c~1.ins/gnuarm~1.ins/win/bin/../lib/gcc/arm-none-eabi/7.2.1/../../../../arm-none-eabi/lib\libg.a(lib_a-locale.o)
 .debug_frame   0x000018b4       0x48 c:/progra~3/matlab/suppor~1/r2020a/3p778c~1.ins/gnuarm~1.ins/win/bin/../lib/gcc/arm-none-eabi/7.2.1/../../../../arm-none-eabi/lib\libg.a(lib_a-mbtowc_r.o)
 .debug_frame   0x000018fc       0x4c c:/progra~3/matlab/suppor~1/r2020a/3p778c~1.ins/gnuarm~1.ins/win/bin/../lib/gcc/arm-none-eabi/7.2.1/../../../../arm-none-eabi/lib\libg.a(lib_a-wbuf.o)
 .debug_frame   0x00001948       0x68 c:/progra~3/matlab/suppor~1/r2020a/3p778c~1.ins/gnuarm~1.ins/win/bin/../lib/gcc/arm-none-eabi/7.2.1/../../../../arm-none-eabi/lib\libg.a(lib_a-wcrtomb.o)
 .debug_frame   0x000019b0       0x3c c:/progra~3/matlab/suppor~1/r2020a/3p778c~1.ins/gnuarm~1.ins/win/bin/../lib/gcc/arm-none-eabi/7.2.1/../../../../arm-none-eabi/lib\libg.a(lib_a-wctomb_r.o)
 .debug_frame   0x000019ec       0x20 c:/progra~3/matlab/suppor~1/r2020a/3p778c~1.ins/gnuarm~1.ins/win/bin/../lib/gcc/arm-none-eabi/7.2.1\libgcc.a(_udivsi3.o)
 .debug_frame   0x00001a0c       0x20 c:/progra~3/matlab/suppor~1/r2020a/3p778c~1.ins/gnuarm~1.ins/win/bin/../lib/gcc/arm-none-eabi/7.2.1\libgcc.a(_divsi3.o)
 .debug_frame   0x00001a2c       0x20 c:/progra~3/matlab/suppor~1/r2020a/3p778c~1.ins/gnuarm~1.ins/win/bin/../lib/gcc/arm-none-eabi/7.2.1\libgcc.a(_arm_unorddf2.o)
 .debug_frame   0x00001a4c       0x24 c:/progra~3/matlab/suppor~1/r2020a/3p778c~1.ins/gnuarm~1.ins/win/bin/../lib/gcc/arm-none-eabi/7.2.1\libgcc.a(_arm_fixdfsi.o)
 .debug_frame   0x00001a70       0x2c c:/progra~3/matlab/suppor~1/r2020a/3p778c~1.ins/gnuarm~1.ins/win/bin/../lib/gcc/arm-none-eabi/7.2.1\libgcc.a(_aeabi_uldivmod.o)
 .debug_frame   0x00001a9c       0x48 c:/progra~3/matlab/suppor~1/r2020a/3p778c~1.ins/gnuarm~1.ins/win/bin/../lib/gcc/arm-none-eabi/7.2.1\libgcc.a(_udivmoddi4.o)

.debug_str      0x00000000      0xb08
 *(.debug_str)
 .debug_str     0x00000000      0x876 ert_main.o
                                0x8e1 (size before relaxing)
 .debug_str     0x00000876       0xf2 rtGetInf.o
                                0x281 (size before relaxing)
 .debug_str     0x00000968       0x56 rtGetNaN.o
                                0x259 (size before relaxing)
 .debug_str     0x000009be       0x7e rt_nonfinite.o
                                0x298 (size before relaxing)
 .debug_str     0x00000a3c       0xcc sf_simulink.o
                                0x945 (size before relaxing)

.debug_loc
 *(.debug_loc)

.debug_macinfo
 *(.debug_macinfo)

.debug_weaknames
 *(.debug_weaknames)

.debug_funcnames
 *(.debug_funcnames)

.debug_typenames
 *(.debug_typenames)

.debug_varnames
 *(.debug_varnames)

.debug_pubtypes
 *(.debug_pubtypes)

.debug_ranges   0x00000000       0xb0
 *(.debug_ranges)
 .debug_ranges  0x00000000       0x18 ert_main.o
 .debug_ranges  0x00000018       0x28 rtGetInf.o
 .debug_ranges  0x00000040       0x18 rtGetNaN.o
 .debug_ranges  0x00000058       0x30 rt_nonfinite.o
 .debug_ranges  0x00000088       0x28 sf_simulink.o

.debug_macro
 *(.debug_macro)

.debug_addr
 *(.debug_addr)

.ARM.attributes
                0x00000000       0x2c
 *(.ARM.attributes)
 .ARM.attributes
                0x00000000       0x14 c:/progra~3/matlab/suppor~1/r2020a/3p778c~1.ins/gnuarm~1.ins/win/bin/../lib/gcc/arm-none-eabi/7.2.1/crti.o
 .ARM.attributes
                0x00000014       0x30 c:/progra~3/matlab/suppor~1/r2020a/3p778c~1.ins/gnuarm~1.ins/win/bin/../lib/gcc/arm-none-eabi/7.2.1/crtbegin.o
 .ARM.attributes
                0x00000044       0x12 c:/progra~3/matlab/suppor~1/r2020a/3p778c~1.ins/gnuarm~1.ins/win/bin/../lib/gcc/arm-none-eabi/7.2.1/../../../../arm-none-eabi/lib/crt0.o
 .ARM.attributes
                0x00000056       0x30 ert_main.o
 .ARM.attributes
                0x00000086       0x30 rtGetInf.o
 .ARM.attributes
                0x000000b6       0x30 rtGetNaN.o
 .ARM.attributes
                0x000000e6       0x30 rt_nonfinite.o
 .ARM.attributes
                0x00000116       0x30 sf_simulink.o
 .ARM.attributes
                0x00000146       0x18 c:/progra~3/matlab/suppor~1/r2020a/3p778c~1.ins/gnuarm~1.ins/win/bin/../lib/gcc/arm-none-eabi/7.2.1\libgcc.a(_arm_addsubdf3.o)
 .ARM.attributes
                0x0000015e       0x18 c:/progra~3/matlab/suppor~1/r2020a/3p778c~1.ins/gnuarm~1.ins/win/bin/../lib/gcc/arm-none-eabi/7.2.1\libgcc.a(_arm_muldivdf3.o)
 .ARM.attributes
                0x00000176       0x18 c:/progra~3/matlab/suppor~1/r2020a/3p778c~1.ins/gnuarm~1.ins/win/bin/../lib/gcc/arm-none-eabi/7.2.1\libgcc.a(_arm_cmpdf2.o)
 .ARM.attributes
                0x0000018e       0x18 c:/progra~3/matlab/suppor~1/r2020a/3p778c~1.ins/gnuarm~1.ins/win/bin/../lib/gcc/arm-none-eabi/7.2.1\libgcc.a(_arm_truncdfsf2.o)
 .ARM.attributes
                0x000001a6       0x18 c:/progra~3/matlab/suppor~1/r2020a/3p778c~1.ins/gnuarm~1.ins/win/bin/../lib/gcc/arm-none-eabi/7.2.1\libgcc.a(_arm_cmpsf2.o)
 .ARM.attributes
                0x000001be       0x30 c:/progra~3/matlab/suppor~1/r2020a/3p778c~1.ins/gnuarm~1.ins/win/bin/../lib/gcc/arm-none-eabi/7.2.1/../../../../arm-none-eabi/lib\libg.a(lib_a-exit.o)
 .ARM.attributes
                0x000001ee       0x30 c:/progra~3/matlab/suppor~1/r2020a/3p778c~1.ins/gnuarm~1.ins/win/bin/../lib/gcc/arm-none-eabi/7.2.1/../../../../arm-none-eabi/lib\libg.a(lib_a-fflush.o)
 .ARM.attributes
                0x0000021e       0x30 c:/progra~3/matlab/suppor~1/r2020a/3p778c~1.ins/gnuarm~1.ins/win/bin/../lib/gcc/arm-none-eabi/7.2.1/../../../../arm-none-eabi/lib\libg.a(lib_a-findfp.o)
 .ARM.attributes
                0x0000024e       0x30 c:/progra~3/matlab/suppor~1/r2020a/3p778c~1.ins/gnuarm~1.ins/win/bin/../lib/gcc/arm-none-eabi/7.2.1/../../../../arm-none-eabi/lib\libg.a(lib_a-fprintf.o)
 .ARM.attributes
                0x0000027e       0x30 c:/progra~3/matlab/suppor~1/r2020a/3p778c~1.ins/gnuarm~1.ins/win/bin/../lib/gcc/arm-none-eabi/7.2.1/../../../../arm-none-eabi/lib\libg.a(lib_a-freer.o)
 .ARM.attributes
                0x000002ae       0x30 c:/progra~3/matlab/suppor~1/r2020a/3p778c~1.ins/gnuarm~1.ins/win/bin/../lib/gcc/arm-none-eabi/7.2.1/../../../../arm-none-eabi/lib\libg.a(lib_a-fwalk.o)
 .ARM.attributes
                0x000002de       0x30 c:/progra~3/matlab/suppor~1/r2020a/3p778c~1.ins/gnuarm~1.ins/win/bin/../lib/gcc/arm-none-eabi/7.2.1/../../../../arm-none-eabi/lib\libg.a(lib_a-fwrite.o)
 .ARM.attributes
                0x0000030e       0x30 c:/progra~3/matlab/suppor~1/r2020a/3p778c~1.ins/gnuarm~1.ins/win/bin/../lib/gcc/arm-none-eabi/7.2.1/../../../../arm-none-eabi/lib\libg.a(lib_a-impure.o)
 .ARM.attributes
                0x0000033e       0x30 c:/progra~3/matlab/suppor~1/r2020a/3p778c~1.ins/gnuarm~1.ins/win/bin/../lib/gcc/arm-none-eabi/7.2.1/../../../../arm-none-eabi/lib\libg.a(lib_a-init.o)
 .ARM.attributes
                0x0000036e       0x30 c:/progra~3/matlab/suppor~1/r2020a/3p778c~1.ins/gnuarm~1.ins/win/bin/../lib/gcc/arm-none-eabi/7.2.1/../../../../arm-none-eabi/lib\libg.a(lib_a-lock.o)
 .ARM.attributes
                0x0000039e       0x30 c:/progra~3/matlab/suppor~1/r2020a/3p778c~1.ins/gnuarm~1.ins/win/bin/../lib/gcc/arm-none-eabi/7.2.1/../../../../arm-none-eabi/lib\libg.a(lib_a-malloc.o)
 .ARM.attributes
                0x000003ce       0x30 c:/progra~3/matlab/suppor~1/r2020a/3p778c~1.ins/gnuarm~1.ins/win/bin/../lib/gcc/arm-none-eabi/7.2.1/../../../../arm-none-eabi/lib\libg.a(lib_a-mallocr.o)
 .ARM.attributes
                0x000003fe       0x30 c:/progra~3/matlab/suppor~1/r2020a/3p778c~1.ins/gnuarm~1.ins/win/bin/../lib/gcc/arm-none-eabi/7.2.1/../../../../arm-none-eabi/lib\libg.a(lib_a-memset.o)
 .ARM.attributes
                0x0000042e       0x30 c:/progra~3/matlab/suppor~1/r2020a/3p778c~1.ins/gnuarm~1.ins/win/bin/../lib/gcc/arm-none-eabi/7.2.1/../../../../arm-none-eabi/lib\libg.a(lib_a-mlock.o)
 .ARM.attributes
                0x0000045e       0x30 c:/progra~3/matlab/suppor~1/r2020a/3p778c~1.ins/gnuarm~1.ins/win/bin/../lib/gcc/arm-none-eabi/7.2.1/../../../../arm-none-eabi/lib\libg.a(lib_a-puts.o)
 .ARM.attributes
                0x0000048e       0x30 c:/progra~3/matlab/suppor~1/r2020a/3p778c~1.ins/gnuarm~1.ins/win/bin/../lib/gcc/arm-none-eabi/7.2.1/../../../../arm-none-eabi/lib\libg.a(lib_a-sbrkr.o)
 .ARM.attributes
                0x000004be       0x30 c:/progra~3/matlab/suppor~1/r2020a/3p778c~1.ins/gnuarm~1.ins/win/bin/../lib/gcc/arm-none-eabi/7.2.1/../../../../arm-none-eabi/lib\libg.a(lib_a-stdio.o)
 .ARM.attributes
                0x000004ee       0x30 c:/progra~3/matlab/suppor~1/r2020a/3p778c~1.ins/gnuarm~1.ins/win/bin/../lib/gcc/arm-none-eabi/7.2.1/../../../../arm-none-eabi/lib\libg.a(lib_a-strlen-stub.o)
 .ARM.attributes
                0x0000051e       0x30 c:/progra~3/matlab/suppor~1/r2020a/3p778c~1.ins/gnuarm~1.ins/win/bin/../lib/gcc/arm-none-eabi/7.2.1/../../../../arm-none-eabi/lib\libg.a(lib_a-vfprintf.o)
 .ARM.attributes
                0x0000054e       0x30 c:/progra~3/matlab/suppor~1/r2020a/3p778c~1.ins/gnuarm~1.ins/win/bin/../lib/gcc/arm-none-eabi/7.2.1/../../../../arm-none-eabi/lib\libg.a(lib_a-writer.o)
 .ARM.attributes
                0x0000057e       0x30 c:/progra~3/matlab/suppor~1/r2020a/3p778c~1.ins/gnuarm~1.ins/win/bin/../lib/gcc/arm-none-eabi/7.2.1/../../../../arm-none-eabi/lib\libg.a(lib_a-wsetup.o)
 .ARM.attributes
                0x000005ae       0x30 c:/progra~3/matlab/suppor~1/r2020a/3p778c~1.ins/gnuarm~1.ins/win/bin/../lib/gcc/arm-none-eabi/7.2.1/../../../../arm-none-eabi/lib\libg.a(lib_a-__call_atexit.o)
 .ARM.attributes
                0x000005de       0x30 c:/progra~3/matlab/suppor~1/r2020a/3p778c~1.ins/gnuarm~1.ins/win/bin/../lib/gcc/arm-none-eabi/7.2.1/../../../../arm-none-eabi/lib\libg.a(lib_a-atexit.o)
 .ARM.attributes
                0x0000060e       0x30 c:/progra~3/matlab/suppor~1/r2020a/3p778c~1.ins/gnuarm~1.ins/win/bin/../lib/gcc/arm-none-eabi/7.2.1/../../../../arm-none-eabi/lib\libg.a(lib_a-closer.o)
 .ARM.attributes
                0x0000063e       0x30 c:/progra~3/matlab/suppor~1/r2020a/3p778c~1.ins/gnuarm~1.ins/win/bin/../lib/gcc/arm-none-eabi/7.2.1/../../../../arm-none-eabi/lib\libg.a(lib_a-dtoa.o)
 .ARM.attributes
                0x0000066e       0x30 c:/progra~3/matlab/suppor~1/r2020a/3p778c~1.ins/gnuarm~1.ins/win/bin/../lib/gcc/arm-none-eabi/7.2.1/../../../../arm-none-eabi/lib\libg.a(lib_a-fclose.o)
 .ARM.attributes
                0x0000069e       0x30 c:/progra~3/matlab/suppor~1/r2020a/3p778c~1.ins/gnuarm~1.ins/win/bin/../lib/gcc/arm-none-eabi/7.2.1/../../../../arm-none-eabi/lib\libg.a(lib_a-fini.o)
 .ARM.attributes
                0x000006ce       0x30 c:/progra~3/matlab/suppor~1/r2020a/3p778c~1.ins/gnuarm~1.ins/win/bin/../lib/gcc/arm-none-eabi/7.2.1/../../../../arm-none-eabi/lib\libg.a(lib_a-fvwrite.o)
 .ARM.attributes
                0x000006fe       0x30 c:/progra~3/matlab/suppor~1/r2020a/3p778c~1.ins/gnuarm~1.ins/win/bin/../lib/gcc/arm-none-eabi/7.2.1/../../../../arm-none-eabi/lib\libg.a(lib_a-localeconv.o)
 .ARM.attributes
                0x0000072e       0x30 c:/progra~3/matlab/suppor~1/r2020a/3p778c~1.ins/gnuarm~1.ins/win/bin/../lib/gcc/arm-none-eabi/7.2.1/../../../../arm-none-eabi/lib\libg.a(lib_a-lseekr.o)
 .ARM.attributes
                0x0000075e       0x30 c:/progra~3/matlab/suppor~1/r2020a/3p778c~1.ins/gnuarm~1.ins/win/bin/../lib/gcc/arm-none-eabi/7.2.1/../../../../arm-none-eabi/lib\libg.a(lib_a-makebuf.o)
 .ARM.attributes
                0x0000078e       0x30 c:/progra~3/matlab/suppor~1/r2020a/3p778c~1.ins/gnuarm~1.ins/win/bin/../lib/gcc/arm-none-eabi/7.2.1/../../../../arm-none-eabi/lib\libg.a(lib_a-memchr-stub.o)
 .ARM.attributes
                0x000007be       0x30 c:/progra~3/matlab/suppor~1/r2020a/3p778c~1.ins/gnuarm~1.ins/win/bin/../lib/gcc/arm-none-eabi/7.2.1/../../../../arm-none-eabi/lib\libg.a(lib_a-memcpy-stub.o)
 .ARM.attributes
                0x000007ee       0x30 c:/progra~3/matlab/suppor~1/r2020a/3p778c~1.ins/gnuarm~1.ins/win/bin/../lib/gcc/arm-none-eabi/7.2.1/../../../../arm-none-eabi/lib\libg.a(lib_a-memmove.o)
 .ARM.attributes
                0x0000081e       0x30 c:/progra~3/matlab/suppor~1/r2020a/3p778c~1.ins/gnuarm~1.ins/win/bin/../lib/gcc/arm-none-eabi/7.2.1/../../../../arm-none-eabi/lib\libg.a(lib_a-mprec.o)
 .ARM.attributes
                0x0000084e       0x30 c:/progra~3/matlab/suppor~1/r2020a/3p778c~1.ins/gnuarm~1.ins/win/bin/../lib/gcc/arm-none-eabi/7.2.1/../../../../arm-none-eabi/lib\libg.a(lib_a-readr.o)
 .ARM.attributes
                0x0000087e       0x30 c:/progra~3/matlab/suppor~1/r2020a/3p778c~1.ins/gnuarm~1.ins/win/bin/../lib/gcc/arm-none-eabi/7.2.1/../../../../arm-none-eabi/lib\libg.a(lib_a-reallocr.o)
 .ARM.attributes
                0x000008ae       0x30 c:/progra~3/matlab/suppor~1/r2020a/3p778c~1.ins/gnuarm~1.ins/win/bin/../lib/gcc/arm-none-eabi/7.2.1/../../../../arm-none-eabi/lib\libg.a(lib_a-reent.o)
 .ARM.attributes
                0x000008de       0x30 c:/progra~3/matlab/suppor~1/r2020a/3p778c~1.ins/gnuarm~1.ins/win/bin/../lib/gcc/arm-none-eabi/7.2.1/../../../../arm-none-eabi/lib\libg.a(lib_a-vfiprintf.o)
 .ARM.attributes
                0x0000090e       0x30 c:/progra~3/matlab/suppor~1/r2020a/3p778c~1.ins/gnuarm~1.ins/win/bin/../lib/gcc/arm-none-eabi/7.2.1/../../../../arm-none-eabi/lib\libg.a(lib_a-__atexit.o)
 .ARM.attributes
                0x0000093e       0x30 c:/progra~3/matlab/suppor~1/r2020a/3p778c~1.ins/gnuarm~1.ins/win/bin/../lib/gcc/arm-none-eabi/7.2.1/../../../../arm-none-eabi/lib\libg.a(lib_a-callocr.o)
 .ARM.attributes
                0x0000096e       0x30 c:/progra~3/matlab/suppor~1/r2020a/3p778c~1.ins/gnuarm~1.ins/win/bin/../lib/gcc/arm-none-eabi/7.2.1/../../../../arm-none-eabi/lib\libg.a(lib_a-fputwc.o)
 .ARM.attributes
                0x0000099e       0x30 c:/progra~3/matlab/suppor~1/r2020a/3p778c~1.ins/gnuarm~1.ins/win/bin/../lib/gcc/arm-none-eabi/7.2.1/../../../../arm-none-eabi/lib\libg.a(lib_a-fstatr.o)
 .ARM.attributes
                0x000009ce       0x30 c:/progra~3/matlab/suppor~1/r2020a/3p778c~1.ins/gnuarm~1.ins/win/bin/../lib/gcc/arm-none-eabi/7.2.1/../../../../arm-none-eabi/lib\libg.a(lib_a-isattyr.o)
 .ARM.attributes
                0x000009fe       0x30 c:/progra~3/matlab/suppor~1/r2020a/3p778c~1.ins/gnuarm~1.ins/win/bin/../lib/gcc/arm-none-eabi/7.2.1/../../../../arm-none-eabi/lib\libg.a(lib_a-locale.o)
 .ARM.attributes
                0x00000a2e       0x30 c:/progra~3/matlab/suppor~1/r2020a/3p778c~1.ins/gnuarm~1.ins/win/bin/../lib/gcc/arm-none-eabi/7.2.1/../../../../arm-none-eabi/lib\libg.a(lib_a-mbtowc_r.o)
 .ARM.attributes
                0x00000a5e       0x16 c:/progra~3/matlab/suppor~1/r2020a/3p778c~1.ins/gnuarm~1.ins/win/bin/../lib/gcc/arm-none-eabi/7.2.1/../../../../arm-none-eabi/lib\libg.a(lib_a-strcmp.o)
 .ARM.attributes
                0x00000a74       0x30 c:/progra~3/matlab/suppor~1/r2020a/3p778c~1.ins/gnuarm~1.ins/win/bin/../lib/gcc/arm-none-eabi/7.2.1/../../../../arm-none-eabi/lib\libg.a(lib_a-wbuf.o)
 .ARM.attributes
                0x00000aa4       0x30 c:/progra~3/matlab/suppor~1/r2020a/3p778c~1.ins/gnuarm~1.ins/win/bin/../lib/gcc/arm-none-eabi/7.2.1/../../../../arm-none-eabi/lib\libg.a(lib_a-wcrtomb.o)
 .ARM.attributes
                0x00000ad4       0x30 c:/progra~3/matlab/suppor~1/r2020a/3p778c~1.ins/gnuarm~1.ins/win/bin/../lib/gcc/arm-none-eabi/7.2.1/../../../../arm-none-eabi/lib\libg.a(lib_a-wctomb_r.o)
 .ARM.attributes
                0x00000b04       0x30 c:/progra~3/matlab/suppor~1/r2020a/3p778c~1.ins/gnuarm~1.ins/win/bin/../lib/gcc/arm-none-eabi/7.2.1/../../../../arm-none-eabi/lib\libg.a(lib_a-ctype_.o)
 .ARM.attributes
                0x00000b34       0x18 c:/progra~3/matlab/suppor~1/r2020a/3p778c~1.ins/gnuarm~1.ins/win/bin/../lib/gcc/arm-none-eabi/7.2.1\libgcc.a(_udivsi3.o)
 .ARM.attributes
                0x00000b4c       0x18 c:/progra~3/matlab/suppor~1/r2020a/3p778c~1.ins/gnuarm~1.ins/win/bin/../lib/gcc/arm-none-eabi/7.2.1\libgcc.a(_divsi3.o)
 .ARM.attributes
                0x00000b64       0x18 c:/progra~3/matlab/suppor~1/r2020a/3p778c~1.ins/gnuarm~1.ins/win/bin/../lib/gcc/arm-none-eabi/7.2.1\libgcc.a(_dvmd_tls.o)
 .ARM.attributes
                0x00000b7c       0x18 c:/progra~3/matlab/suppor~1/r2020a/3p778c~1.ins/gnuarm~1.ins/win/bin/../lib/gcc/arm-none-eabi/7.2.1\libgcc.a(_arm_unorddf2.o)
 .ARM.attributes
                0x00000b94       0x18 c:/progra~3/matlab/suppor~1/r2020a/3p778c~1.ins/gnuarm~1.ins/win/bin/../lib/gcc/arm-none-eabi/7.2.1\libgcc.a(_arm_fixdfsi.o)
 .ARM.attributes
                0x00000bac       0x18 c:/progra~3/matlab/suppor~1/r2020a/3p778c~1.ins/gnuarm~1.ins/win/bin/../lib/gcc/arm-none-eabi/7.2.1\libgcc.a(_aeabi_uldivmod.o)
 .ARM.attributes
                0x00000bc4       0x30 c:/progra~3/matlab/suppor~1/r2020a/3p778c~1.ins/gnuarm~1.ins/win/bin/../lib/gcc/arm-none-eabi/7.2.1\libgcc.a(_udivmoddi4.o)
 .ARM.attributes
                0x00000bf4       0x18 c:/progra~3/matlab/suppor~1/r2020a/3p778c~1.ins/gnuarm~1.ins/win/bin/../lib/gcc/arm-none-eabi/7.2.1\libgcc.a(_clzdi2.o)
 .ARM.attributes
                0x00000c0c       0x18 c:/progra~3/matlab/suppor~1/r2020a/3p778c~1.ins/gnuarm~1.ins/win/bin/../lib/gcc/arm-none-eabi/7.2.1\libgcc.a(_clzsi2.o)
 .ARM.attributes
                0x00000c24       0x30 c:/progra~3/matlab/suppor~1/r2020a/3p778c~1.ins/gnuarm~1.ins/win/bin/../lib/gcc/arm-none-eabi/7.2.1/crtend.o
 .ARM.attributes
                0x00000c54       0x18 c:/progra~3/matlab/suppor~1/r2020a/3p778c~1.ins/gnuarm~1.ins/win/bin/../lib/gcc/arm-none-eabi/7.2.1/crtn.o
 *(.gnu.attributes)

.note.gnu.arm.ident
 *(.note.gnu.arm.ident)

/DISCARD/
 *(.note.GNU-stack)
 *(.gnu_debuglink)
 *(.gnu.lto_*)
OUTPUT(../sf_simulink.elf elf32-littlearm)
